<!doctype html public "-//w3c//dtd html 4.0 transitional//en">
<html><head>
<title>Static Call Graph - [.\BUILD\HelloWorld_IKS01A2.axf]</title></head>
<body><HR>
<H1>Static Call Graph for image .\BUILD\HelloWorld_IKS01A2.axf</H1><HR>
<BR><P>#&#060CALLGRAPH&#062# ARM Linker, 5060960: Last Updated: Thu Dec 09 10:25:31 2021
<BR><P>
<H3>Maximum Stack Usage =        696 bytes + Unknown(Cycles, Untraceable Function Pointers)</H3><H3>
Call chain for Maximum Stack Depth:</H3>
__rt_entry_main &rArr; main &rArr; $Super$$main &rArr; LSM303AGRAccSensor::enable() &rArr; LSM303AGRAccSensor::set_x_odr_when_enabled(float) &rArr; LSM303AGR_ACC_W_ODR &rArr; LSM303AGR_ACC_write_reg &rArr; LSM303AGR_ACC_io_write &rArr; mbed::I2C::write(int, const char*, int, bool) &rArr; i2c_write &rArr; i2c_init &rArr; pinmap_merge &rArr; error &rArr; exit &rArr; mbed_die &rArr; gpio_init_out &rArr; gpio_mode &rArr; pin_mode &rArr; mbed_assert_internal &rArr;  mbed_die (Cycle)
<P>
<H3>
Mutually Recursive functions
</H3> <LI><a href="#[d]">NMI_Handler</a>&nbsp;&nbsp;&nbsp;&rArr;&nbsp;&nbsp;&nbsp;<a href="#[d]">NMI_Handler</a><BR>
 <LI><a href="#[e]">HardFault_Handler</a>&nbsp;&nbsp;&nbsp;&rArr;&nbsp;&nbsp;&nbsp;<a href="#[e]">HardFault_Handler</a><BR>
 <LI><a href="#[f]">MemManage_Handler</a>&nbsp;&nbsp;&nbsp;&rArr;&nbsp;&nbsp;&nbsp;<a href="#[f]">MemManage_Handler</a><BR>
 <LI><a href="#[10]">BusFault_Handler</a>&nbsp;&nbsp;&nbsp;&rArr;&nbsp;&nbsp;&nbsp;<a href="#[10]">BusFault_Handler</a><BR>
 <LI><a href="#[11]">UsageFault_Handler</a>&nbsp;&nbsp;&nbsp;&rArr;&nbsp;&nbsp;&nbsp;<a href="#[11]">UsageFault_Handler</a><BR>
 <LI><a href="#[12]">SVC_Handler</a>&nbsp;&nbsp;&nbsp;&rArr;&nbsp;&nbsp;&nbsp;<a href="#[12]">SVC_Handler</a><BR>
 <LI><a href="#[13]">DebugMon_Handler</a>&nbsp;&nbsp;&nbsp;&rArr;&nbsp;&nbsp;&nbsp;<a href="#[13]">DebugMon_Handler</a><BR>
 <LI><a href="#[14]">PendSV_Handler</a>&nbsp;&nbsp;&nbsp;&rArr;&nbsp;&nbsp;&nbsp;<a href="#[14]">PendSV_Handler</a><BR>
 <LI><a href="#[15]">SysTick_Handler</a>&nbsp;&nbsp;&nbsp;&rArr;&nbsp;&nbsp;&nbsp;<a href="#[15]">SysTick_Handler</a><BR>
 <LI><a href="#[28]">ADC_IRQHandler</a>&nbsp;&nbsp;&nbsp;&rArr;&nbsp;&nbsp;&nbsp;<a href="#[28]">ADC_IRQHandler</a><BR>
 <LI><a href="#[19d]">Set_GPIO_Clock</a>&nbsp;&nbsp;&nbsp;&rArr;&nbsp;&nbsp;&nbsp;<a href="#[19e]">error</a><BR>
 <LI><a href="#[1bb]">mbed_assert_internal</a>&nbsp;&nbsp;&nbsp;&rArr;&nbsp;&nbsp;&nbsp;<a href="#[1d6]">mbed_die</a><BR>
 <LI><a href="#[1d3]">core_util_critical_section_enter</a>&nbsp;&nbsp;&nbsp;&rArr;&nbsp;&nbsp;&nbsp;<a href="#[1bb]">mbed_assert_internal</a><BR>
 <LI><a href="#[1e5]">init_uart</a>&nbsp;&nbsp;&nbsp;&rArr;&nbsp;&nbsp;&nbsp;<a href="#[19e]">error</a><BR>
 <LI><a href="#[1ce]">serial_init</a>&nbsp;&nbsp;&nbsp;&rArr;&nbsp;&nbsp;&nbsp;<a href="#[1e1]">pinmap_merge</a><BR>
 <LI><a href="#[1e2]">pinmap_pinout</a>&nbsp;&nbsp;&nbsp;&rArr;&nbsp;&nbsp;&nbsp;<a href="#[1de]">pin_mode</a><BR>
 <LI><a href="#[1d9]">pin_function</a>&nbsp;&nbsp;&nbsp;&rArr;&nbsp;&nbsp;&nbsp;<a href="#[1bb]">mbed_assert_internal</a><BR>
 <LI><a href="#[1e0]">pinmap_peripheral</a>&nbsp;&nbsp;&nbsp;&rArr;&nbsp;&nbsp;&nbsp;<a href="#[19e]">error</a><BR>
 <LI><a href="#[1d4]">core_util_critical_section_exit</a>&nbsp;&nbsp;&nbsp;&rArr;&nbsp;&nbsp;&nbsp;<a href="#[1bb]">mbed_assert_internal</a><BR>
</UL>
<P>
<H3>
Function Pointers
</H3><UL>
 <LI><a href="#[28]">ADC_IRQHandler</a> from mbed/TARGET_NUCLEO_F411RE/TOOLCHAIN_ARM_STD/startup_stm32f411xe.o(.text) referenced from mbed/TARGET_NUCLEO_F411RE/TOOLCHAIN_ARM_STD/startup_stm32f411xe.o(RESET)
 <LI><a href="#[10]">BusFault_Handler</a> from mbed/TARGET_NUCLEO_F411RE/TOOLCHAIN_ARM_STD/startup_stm32f411xe.o(.text) referenced from mbed/TARGET_NUCLEO_F411RE/TOOLCHAIN_ARM_STD/startup_stm32f411xe.o(RESET)
 <LI><a href="#[21]">DMA1_Stream0_IRQHandler</a> from mbed/TARGET_NUCLEO_F411RE/TOOLCHAIN_ARM_STD/startup_stm32f411xe.o(.text) referenced from mbed/TARGET_NUCLEO_F411RE/TOOLCHAIN_ARM_STD/startup_stm32f411xe.o(RESET)
 <LI><a href="#[22]">DMA1_Stream1_IRQHandler</a> from mbed/TARGET_NUCLEO_F411RE/TOOLCHAIN_ARM_STD/startup_stm32f411xe.o(.text) referenced from mbed/TARGET_NUCLEO_F411RE/TOOLCHAIN_ARM_STD/startup_stm32f411xe.o(RESET)
 <LI><a href="#[23]">DMA1_Stream2_IRQHandler</a> from mbed/TARGET_NUCLEO_F411RE/TOOLCHAIN_ARM_STD/startup_stm32f411xe.o(.text) referenced from mbed/TARGET_NUCLEO_F411RE/TOOLCHAIN_ARM_STD/startup_stm32f411xe.o(RESET)
 <LI><a href="#[24]">DMA1_Stream3_IRQHandler</a> from mbed/TARGET_NUCLEO_F411RE/TOOLCHAIN_ARM_STD/startup_stm32f411xe.o(.text) referenced from mbed/TARGET_NUCLEO_F411RE/TOOLCHAIN_ARM_STD/startup_stm32f411xe.o(RESET)
 <LI><a href="#[25]">DMA1_Stream4_IRQHandler</a> from mbed/TARGET_NUCLEO_F411RE/TOOLCHAIN_ARM_STD/startup_stm32f411xe.o(.text) referenced from mbed/TARGET_NUCLEO_F411RE/TOOLCHAIN_ARM_STD/startup_stm32f411xe.o(RESET)
 <LI><a href="#[26]">DMA1_Stream5_IRQHandler</a> from mbed/TARGET_NUCLEO_F411RE/TOOLCHAIN_ARM_STD/startup_stm32f411xe.o(.text) referenced from mbed/TARGET_NUCLEO_F411RE/TOOLCHAIN_ARM_STD/startup_stm32f411xe.o(RESET)
 <LI><a href="#[27]">DMA1_Stream6_IRQHandler</a> from mbed/TARGET_NUCLEO_F411RE/TOOLCHAIN_ARM_STD/startup_stm32f411xe.o(.text) referenced from mbed/TARGET_NUCLEO_F411RE/TOOLCHAIN_ARM_STD/startup_stm32f411xe.o(RESET)
 <LI><a href="#[3c]">DMA1_Stream7_IRQHandler</a> from mbed/TARGET_NUCLEO_F411RE/TOOLCHAIN_ARM_STD/startup_stm32f411xe.o(.text) referenced from mbed/TARGET_NUCLEO_F411RE/TOOLCHAIN_ARM_STD/startup_stm32f411xe.o(RESET)
 <LI><a href="#[40]">DMA2_Stream0_IRQHandler</a> from mbed/TARGET_NUCLEO_F411RE/TOOLCHAIN_ARM_STD/startup_stm32f411xe.o(.text) referenced from mbed/TARGET_NUCLEO_F411RE/TOOLCHAIN_ARM_STD/startup_stm32f411xe.o(RESET)
 <LI><a href="#[41]">DMA2_Stream1_IRQHandler</a> from mbed/TARGET_NUCLEO_F411RE/TOOLCHAIN_ARM_STD/startup_stm32f411xe.o(.text) referenced from mbed/TARGET_NUCLEO_F411RE/TOOLCHAIN_ARM_STD/startup_stm32f411xe.o(RESET)
 <LI><a href="#[42]">DMA2_Stream2_IRQHandler</a> from mbed/TARGET_NUCLEO_F411RE/TOOLCHAIN_ARM_STD/startup_stm32f411xe.o(.text) referenced from mbed/TARGET_NUCLEO_F411RE/TOOLCHAIN_ARM_STD/startup_stm32f411xe.o(RESET)
 <LI><a href="#[43]">DMA2_Stream3_IRQHandler</a> from mbed/TARGET_NUCLEO_F411RE/TOOLCHAIN_ARM_STD/startup_stm32f411xe.o(.text) referenced from mbed/TARGET_NUCLEO_F411RE/TOOLCHAIN_ARM_STD/startup_stm32f411xe.o(RESET)
 <LI><a href="#[44]">DMA2_Stream4_IRQHandler</a> from mbed/TARGET_NUCLEO_F411RE/TOOLCHAIN_ARM_STD/startup_stm32f411xe.o(.text) referenced from mbed/TARGET_NUCLEO_F411RE/TOOLCHAIN_ARM_STD/startup_stm32f411xe.o(RESET)
 <LI><a href="#[46]">DMA2_Stream5_IRQHandler</a> from mbed/TARGET_NUCLEO_F411RE/TOOLCHAIN_ARM_STD/startup_stm32f411xe.o(.text) referenced from mbed/TARGET_NUCLEO_F411RE/TOOLCHAIN_ARM_STD/startup_stm32f411xe.o(RESET)
 <LI><a href="#[47]">DMA2_Stream6_IRQHandler</a> from mbed/TARGET_NUCLEO_F411RE/TOOLCHAIN_ARM_STD/startup_stm32f411xe.o(.text) referenced from mbed/TARGET_NUCLEO_F411RE/TOOLCHAIN_ARM_STD/startup_stm32f411xe.o(RESET)
 <LI><a href="#[48]">DMA2_Stream7_IRQHandler</a> from mbed/TARGET_NUCLEO_F411RE/TOOLCHAIN_ARM_STD/startup_stm32f411xe.o(.text) referenced from mbed/TARGET_NUCLEO_F411RE/TOOLCHAIN_ARM_STD/startup_stm32f411xe.o(RESET)
 <LI><a href="#[13]">DebugMon_Handler</a> from mbed/TARGET_NUCLEO_F411RE/TOOLCHAIN_ARM_STD/startup_stm32f411xe.o(.text) referenced from mbed/TARGET_NUCLEO_F411RE/TOOLCHAIN_ARM_STD/startup_stm32f411xe.o(RESET)
 <LI><a href="#[1c]">EXTI0_IRQHandler</a> from mbed/TARGET_NUCLEO_F411RE/TOOLCHAIN_ARM_STD/startup_stm32f411xe.o(.text) referenced from mbed/TARGET_NUCLEO_F411RE/TOOLCHAIN_ARM_STD/startup_stm32f411xe.o(RESET)
 <LI><a href="#[39]">EXTI15_10_IRQHandler</a> from mbed/TARGET_NUCLEO_F411RE/TOOLCHAIN_ARM_STD/startup_stm32f411xe.o(.text) referenced from mbed/TARGET_NUCLEO_F411RE/TOOLCHAIN_ARM_STD/startup_stm32f411xe.o(RESET)
 <LI><a href="#[1d]">EXTI1_IRQHandler</a> from mbed/TARGET_NUCLEO_F411RE/TOOLCHAIN_ARM_STD/startup_stm32f411xe.o(.text) referenced from mbed/TARGET_NUCLEO_F411RE/TOOLCHAIN_ARM_STD/startup_stm32f411xe.o(RESET)
 <LI><a href="#[1e]">EXTI2_IRQHandler</a> from mbed/TARGET_NUCLEO_F411RE/TOOLCHAIN_ARM_STD/startup_stm32f411xe.o(.text) referenced from mbed/TARGET_NUCLEO_F411RE/TOOLCHAIN_ARM_STD/startup_stm32f411xe.o(RESET)
 <LI><a href="#[1f]">EXTI3_IRQHandler</a> from mbed/TARGET_NUCLEO_F411RE/TOOLCHAIN_ARM_STD/startup_stm32f411xe.o(.text) referenced from mbed/TARGET_NUCLEO_F411RE/TOOLCHAIN_ARM_STD/startup_stm32f411xe.o(RESET)
 <LI><a href="#[20]">EXTI4_IRQHandler</a> from mbed/TARGET_NUCLEO_F411RE/TOOLCHAIN_ARM_STD/startup_stm32f411xe.o(.text) referenced from mbed/TARGET_NUCLEO_F411RE/TOOLCHAIN_ARM_STD/startup_stm32f411xe.o(RESET)
 <LI><a href="#[29]">EXTI9_5_IRQHandler</a> from mbed/TARGET_NUCLEO_F411RE/TOOLCHAIN_ARM_STD/startup_stm32f411xe.o(.text) referenced from mbed/TARGET_NUCLEO_F411RE/TOOLCHAIN_ARM_STD/startup_stm32f411xe.o(RESET)
 <LI><a href="#[1a]">FLASH_IRQHandler</a> from mbed/TARGET_NUCLEO_F411RE/TOOLCHAIN_ARM_STD/startup_stm32f411xe.o(.text) referenced from mbed/TARGET_NUCLEO_F411RE/TOOLCHAIN_ARM_STD/startup_stm32f411xe.o(RESET)
 <LI><a href="#[4c]">FPU_IRQHandler</a> from mbed/TARGET_NUCLEO_F411RE/TOOLCHAIN_ARM_STD/startup_stm32f411xe.o(.text) referenced from mbed/TARGET_NUCLEO_F411RE/TOOLCHAIN_ARM_STD/startup_stm32f411xe.o(RESET)
 <LI><a href="#[e]">HardFault_Handler</a> from mbed/TARGET_NUCLEO_F411RE/TOOLCHAIN_ARM_STD/startup_stm32f411xe.o(.text) referenced from mbed/TARGET_NUCLEO_F411RE/TOOLCHAIN_ARM_STD/startup_stm32f411xe.o(RESET)
 <LI><a href="#[32]">I2C1_ER_IRQHandler</a> from mbed/TARGET_NUCLEO_F411RE/TOOLCHAIN_ARM_STD/startup_stm32f411xe.o(.text) referenced from mbed/TARGET_NUCLEO_F411RE/TOOLCHAIN_ARM_STD/startup_stm32f411xe.o(RESET)
 <LI><a href="#[31]">I2C1_EV_IRQHandler</a> from mbed/TARGET_NUCLEO_F411RE/TOOLCHAIN_ARM_STD/startup_stm32f411xe.o(.text) referenced from mbed/TARGET_NUCLEO_F411RE/TOOLCHAIN_ARM_STD/startup_stm32f411xe.o(RESET)
 <LI><a href="#[34]">I2C2_ER_IRQHandler</a> from mbed/TARGET_NUCLEO_F411RE/TOOLCHAIN_ARM_STD/startup_stm32f411xe.o(.text) referenced from mbed/TARGET_NUCLEO_F411RE/TOOLCHAIN_ARM_STD/startup_stm32f411xe.o(RESET)
 <LI><a href="#[33]">I2C2_EV_IRQHandler</a> from mbed/TARGET_NUCLEO_F411RE/TOOLCHAIN_ARM_STD/startup_stm32f411xe.o(.text) referenced from mbed/TARGET_NUCLEO_F411RE/TOOLCHAIN_ARM_STD/startup_stm32f411xe.o(RESET)
 <LI><a href="#[4b]">I2C3_ER_IRQHandler</a> from mbed/TARGET_NUCLEO_F411RE/TOOLCHAIN_ARM_STD/startup_stm32f411xe.o(.text) referenced from mbed/TARGET_NUCLEO_F411RE/TOOLCHAIN_ARM_STD/startup_stm32f411xe.o(RESET)
 <LI><a href="#[4a]">I2C3_EV_IRQHandler</a> from mbed/TARGET_NUCLEO_F411RE/TOOLCHAIN_ARM_STD/startup_stm32f411xe.o(.text) referenced from mbed/TARGET_NUCLEO_F411RE/TOOLCHAIN_ARM_STD/startup_stm32f411xe.o(RESET)
 <LI><a href="#[59]">I2C_DMAAbort</a> from mbed/TARGET_NUCLEO_F411RE/TOOLCHAIN_ARM_STD/stm32f4xx_hal_i2c.o(i.I2C_DMAAbort) referenced from mbed/TARGET_NUCLEO_F411RE/TOOLCHAIN_ARM_STD/stm32f4xx_hal_i2c.o(i.HAL_I2C_ER_IRQHandler)
 <LI><a href="#[f]">MemManage_Handler</a> from mbed/TARGET_NUCLEO_F411RE/TOOLCHAIN_ARM_STD/startup_stm32f411xe.o(.text) referenced from mbed/TARGET_NUCLEO_F411RE/TOOLCHAIN_ARM_STD/startup_stm32f411xe.o(RESET)
 <LI><a href="#[d]">NMI_Handler</a> from mbed/TARGET_NUCLEO_F411RE/TOOLCHAIN_ARM_STD/startup_stm32f411xe.o(.text) referenced from mbed/TARGET_NUCLEO_F411RE/TOOLCHAIN_ARM_STD/startup_stm32f411xe.o(RESET)
 <LI><a href="#[45]">OTG_FS_IRQHandler</a> from mbed/TARGET_NUCLEO_F411RE/TOOLCHAIN_ARM_STD/startup_stm32f411xe.o(.text) referenced from mbed/TARGET_NUCLEO_F411RE/TOOLCHAIN_ARM_STD/startup_stm32f411xe.o(RESET)
 <LI><a href="#[3b]">OTG_FS_WKUP_IRQHandler</a> from mbed/TARGET_NUCLEO_F411RE/TOOLCHAIN_ARM_STD/startup_stm32f411xe.o(.text) referenced from mbed/TARGET_NUCLEO_F411RE/TOOLCHAIN_ARM_STD/startup_stm32f411xe.o(RESET)
 <LI><a href="#[17]">PVD_IRQHandler</a> from mbed/TARGET_NUCLEO_F411RE/TOOLCHAIN_ARM_STD/startup_stm32f411xe.o(.text) referenced from mbed/TARGET_NUCLEO_F411RE/TOOLCHAIN_ARM_STD/startup_stm32f411xe.o(RESET)
 <LI><a href="#[14]">PendSV_Handler</a> from mbed/TARGET_NUCLEO_F411RE/TOOLCHAIN_ARM_STD/startup_stm32f411xe.o(.text) referenced from mbed/TARGET_NUCLEO_F411RE/TOOLCHAIN_ARM_STD/startup_stm32f411xe.o(RESET)
 <LI><a href="#[1b]">RCC_IRQHandler</a> from mbed/TARGET_NUCLEO_F411RE/TOOLCHAIN_ARM_STD/startup_stm32f411xe.o(.text) referenced from mbed/TARGET_NUCLEO_F411RE/TOOLCHAIN_ARM_STD/startup_stm32f411xe.o(RESET)
 <LI><a href="#[3a]">RTC_Alarm_IRQHandler</a> from mbed/TARGET_NUCLEO_F411RE/TOOLCHAIN_ARM_STD/startup_stm32f411xe.o(.text) referenced from mbed/TARGET_NUCLEO_F411RE/TOOLCHAIN_ARM_STD/startup_stm32f411xe.o(RESET)
 <LI><a href="#[19]">RTC_WKUP_IRQHandler</a> from mbed/TARGET_NUCLEO_F411RE/TOOLCHAIN_ARM_STD/startup_stm32f411xe.o(.text) referenced from mbed/TARGET_NUCLEO_F411RE/TOOLCHAIN_ARM_STD/startup_stm32f411xe.o(RESET)
 <LI><a href="#[c]">Reset_Handler</a> from mbed/TARGET_NUCLEO_F411RE/TOOLCHAIN_ARM_STD/startup_stm32f411xe.o(.text) referenced from mbed/TARGET_NUCLEO_F411RE/TOOLCHAIN_ARM_STD/startup_stm32f411xe.o(RESET)
 <LI><a href="#[3d]">SDIO_IRQHandler</a> from mbed/TARGET_NUCLEO_F411RE/TOOLCHAIN_ARM_STD/startup_stm32f411xe.o(.text) referenced from mbed/TARGET_NUCLEO_F411RE/TOOLCHAIN_ARM_STD/startup_stm32f411xe.o(RESET)
 <LI><a href="#[35]">SPI1_IRQHandler</a> from mbed/TARGET_NUCLEO_F411RE/TOOLCHAIN_ARM_STD/startup_stm32f411xe.o(.text) referenced from mbed/TARGET_NUCLEO_F411RE/TOOLCHAIN_ARM_STD/startup_stm32f411xe.o(RESET)
 <LI><a href="#[36]">SPI2_IRQHandler</a> from mbed/TARGET_NUCLEO_F411RE/TOOLCHAIN_ARM_STD/startup_stm32f411xe.o(.text) referenced from mbed/TARGET_NUCLEO_F411RE/TOOLCHAIN_ARM_STD/startup_stm32f411xe.o(RESET)
 <LI><a href="#[3f]">SPI3_IRQHandler</a> from mbed/TARGET_NUCLEO_F411RE/TOOLCHAIN_ARM_STD/startup_stm32f411xe.o(.text) referenced from mbed/TARGET_NUCLEO_F411RE/TOOLCHAIN_ARM_STD/startup_stm32f411xe.o(RESET)
 <LI><a href="#[4d]">SPI4_IRQHandler</a> from mbed/TARGET_NUCLEO_F411RE/TOOLCHAIN_ARM_STD/startup_stm32f411xe.o(.text) referenced from mbed/TARGET_NUCLEO_F411RE/TOOLCHAIN_ARM_STD/startup_stm32f411xe.o(RESET)
 <LI><a href="#[4e]">SPI5_IRQHandler</a> from mbed/TARGET_NUCLEO_F411RE/TOOLCHAIN_ARM_STD/startup_stm32f411xe.o(.text) referenced from mbed/TARGET_NUCLEO_F411RE/TOOLCHAIN_ARM_STD/startup_stm32f411xe.o(RESET)
 <LI><a href="#[12]">SVC_Handler</a> from mbed/TARGET_NUCLEO_F411RE/TOOLCHAIN_ARM_STD/startup_stm32f411xe.o(.text) referenced from mbed/TARGET_NUCLEO_F411RE/TOOLCHAIN_ARM_STD/startup_stm32f411xe.o(RESET)
 <LI><a href="#[15]">SysTick_Handler</a> from mbed/TARGET_NUCLEO_F411RE/TOOLCHAIN_ARM_STD/startup_stm32f411xe.o(.text) referenced from mbed/TARGET_NUCLEO_F411RE/TOOLCHAIN_ARM_STD/startup_stm32f411xe.o(RESET)
 <LI><a href="#[4f]">SystemInit</a> from mbed/TARGET_NUCLEO_F411RE/TOOLCHAIN_ARM_STD/system_stm32f4xx.o(i.SystemInit) referenced from mbed/TARGET_NUCLEO_F411RE/TOOLCHAIN_ARM_STD/startup_stm32f411xe.o(.text)
 <LI><a href="#[18]">TAMP_STAMP_IRQHandler</a> from mbed/TARGET_NUCLEO_F411RE/TOOLCHAIN_ARM_STD/startup_stm32f411xe.o(.text) referenced from mbed/TARGET_NUCLEO_F411RE/TOOLCHAIN_ARM_STD/startup_stm32f411xe.o(RESET)
 <LI><a href="#[2a]">TIM1_BRK_TIM9_IRQHandler</a> from mbed/TARGET_NUCLEO_F411RE/TOOLCHAIN_ARM_STD/startup_stm32f411xe.o(.text) referenced from mbed/TARGET_NUCLEO_F411RE/TOOLCHAIN_ARM_STD/startup_stm32f411xe.o(RESET)
 <LI><a href="#[2d]">TIM1_CC_IRQHandler</a> from mbed/TARGET_NUCLEO_F411RE/TOOLCHAIN_ARM_STD/startup_stm32f411xe.o(.text) referenced from mbed/TARGET_NUCLEO_F411RE/TOOLCHAIN_ARM_STD/startup_stm32f411xe.o(RESET)
 <LI><a href="#[2c]">TIM1_TRG_COM_TIM11_IRQHandler</a> from mbed/TARGET_NUCLEO_F411RE/TOOLCHAIN_ARM_STD/startup_stm32f411xe.o(.text) referenced from mbed/TARGET_NUCLEO_F411RE/TOOLCHAIN_ARM_STD/startup_stm32f411xe.o(RESET)
 <LI><a href="#[2b]">TIM1_UP_TIM10_IRQHandler</a> from mbed/TARGET_NUCLEO_F411RE/TOOLCHAIN_ARM_STD/startup_stm32f411xe.o(.text) referenced from mbed/TARGET_NUCLEO_F411RE/TOOLCHAIN_ARM_STD/startup_stm32f411xe.o(RESET)
 <LI><a href="#[2e]">TIM2_IRQHandler</a> from mbed/TARGET_NUCLEO_F411RE/TOOLCHAIN_ARM_STD/startup_stm32f411xe.o(.text) referenced from mbed/TARGET_NUCLEO_F411RE/TOOLCHAIN_ARM_STD/startup_stm32f411xe.o(RESET)
 <LI><a href="#[2f]">TIM3_IRQHandler</a> from mbed/TARGET_NUCLEO_F411RE/TOOLCHAIN_ARM_STD/startup_stm32f411xe.o(.text) referenced from mbed/TARGET_NUCLEO_F411RE/TOOLCHAIN_ARM_STD/startup_stm32f411xe.o(RESET)
 <LI><a href="#[30]">TIM4_IRQHandler</a> from mbed/TARGET_NUCLEO_F411RE/TOOLCHAIN_ARM_STD/startup_stm32f411xe.o(.text) referenced from mbed/TARGET_NUCLEO_F411RE/TOOLCHAIN_ARM_STD/startup_stm32f411xe.o(RESET)
 <LI><a href="#[3e]">TIM5_IRQHandler</a> from mbed/TARGET_NUCLEO_F411RE/TOOLCHAIN_ARM_STD/startup_stm32f411xe.o(.text) referenced from mbed/TARGET_NUCLEO_F411RE/TOOLCHAIN_ARM_STD/startup_stm32f411xe.o(RESET)
 <LI><a href="#[37]">USART1_IRQHandler</a> from mbed/TARGET_NUCLEO_F411RE/TOOLCHAIN_ARM_STD/startup_stm32f411xe.o(.text) referenced from mbed/TARGET_NUCLEO_F411RE/TOOLCHAIN_ARM_STD/startup_stm32f411xe.o(RESET)
 <LI><a href="#[38]">USART2_IRQHandler</a> from mbed/TARGET_NUCLEO_F411RE/TOOLCHAIN_ARM_STD/startup_stm32f411xe.o(.text) referenced from mbed/TARGET_NUCLEO_F411RE/TOOLCHAIN_ARM_STD/startup_stm32f411xe.o(RESET)
 <LI><a href="#[49]">USART6_IRQHandler</a> from mbed/TARGET_NUCLEO_F411RE/TOOLCHAIN_ARM_STD/startup_stm32f411xe.o(.text) referenced from mbed/TARGET_NUCLEO_F411RE/TOOLCHAIN_ARM_STD/startup_stm32f411xe.o(RESET)
 <LI><a href="#[11]">UsageFault_Handler</a> from mbed/TARGET_NUCLEO_F411RE/TOOLCHAIN_ARM_STD/startup_stm32f411xe.o(.text) referenced from mbed/TARGET_NUCLEO_F411RE/TOOLCHAIN_ARM_STD/startup_stm32f411xe.o(RESET)
 <LI><a href="#[16]">WWDG_IRQHandler</a> from mbed/TARGET_NUCLEO_F411RE/TOOLCHAIN_ARM_STD/startup_stm32f411xe.o(.text) referenced from mbed/TARGET_NUCLEO_F411RE/TOOLCHAIN_ARM_STD/startup_stm32f411xe.o(RESET)
 <LI><a href="#[70]">HTS221Sensor::get_humidity(float*)</a> from .\build\hts221sensor.o(i._ZN12HTS221Sensor12get_humidityEPf) referenced from .\build\hts221sensor.o(.constdata__ZTV12HTS221Sensor)
 <LI><a href="#[71]">HTS221Sensor::get_temperature(float*)</a> from .\build\hts221sensor.o(i._ZN12HTS221Sensor15get_temperatureEPf) referenced from .\build\hts221sensor.o(.constdata__ZTV12HTS221Sensor)
 <LI><a href="#[6e]">HTS221Sensor::init(void*)</a> from .\build\hts221sensor.o(i._ZN12HTS221Sensor4initEPv) referenced from .\build\hts221sensor.o(.constdata__ZTV12HTS221Sensor)
 <LI><a href="#[6f]">HTS221Sensor::read_id(unsigned char*)</a> from .\build\hts221sensor.o(i._ZN12HTS221Sensor7read_idEPh) referenced from .\build\hts221sensor.o(.constdata__ZTV12HTS221Sensor)
 <LI><a href="#[74]">LPS22HBSensor::get_pressure(float*)</a> from .\build\lps22hbsensor.o(i._ZN13LPS22HBSensor12get_pressureEPf) referenced from .\build\lps22hbsensor.o(.constdata__ZTV13LPS22HBSensor)
 <LI><a href="#[75]">LPS22HBSensor::get_temperature(float*)</a> from .\build\lps22hbsensor.o(i._ZN13LPS22HBSensor15get_temperatureEPf) referenced from .\build\lps22hbsensor.o(.constdata__ZTV13LPS22HBSensor)
 <LI><a href="#[72]">LPS22HBSensor::init(void*)</a> from .\build\lps22hbsensor.o(i._ZN13LPS22HBSensor4initEPv) referenced from .\build\lps22hbsensor.o(.constdata__ZTV13LPS22HBSensor)
 <LI><a href="#[73]">LPS22HBSensor::read_id(unsigned char*)</a> from .\build\lps22hbsensor.o(i._ZN13LPS22HBSensor7read_idEPh) referenced from .\build\lps22hbsensor.o(.constdata__ZTV13LPS22HBSensor)
 <LI><a href="#[7c]">LSM6DSLSensor::get_g_axes(int*)</a> from .\build\lsm6dslsensor.o(i._ZN13LSM6DSLSensor10get_g_axesEPi) referenced from .\build\lsm6dslsensor.o(.constdata__ZTV13LSM6DSLSensor)
 <LI><a href="#[78]">LSM6DSLSensor::get_x_axes(int*)</a> from .\build\lsm6dslsensor.o(i._ZN13LSM6DSLSensor10get_x_axesEPi) referenced from .\build\lsm6dslsensor.o(.constdata__ZTV13LSM6DSLSensor)
 <LI><a href="#[7e]">LSM6DSLSensor::get_g_axes_raw(short*)</a> from .\build\lsm6dslsensor.o(i._ZN13LSM6DSLSensor14get_g_axes_rawEPs) referenced from .\build\lsm6dslsensor.o(.constdata__ZTV13LSM6DSLSensor)
 <LI><a href="#[79]">LSM6DSLSensor::get_x_axes_raw(short*)</a> from .\build\lsm6dslsensor.o(i._ZN13LSM6DSLSensor14get_x_axes_rawEPs) referenced from .\build\lsm6dslsensor.o(.constdata__ZTV13LSM6DSLSensor)
 <LI><a href="#[7d]">LSM6DSLSensor::get_g_sensitivity(float*)</a> from .\build\lsm6dslsensor.o(i._ZN13LSM6DSLSensor17get_g_sensitivityEPf) referenced from .\build\lsm6dslsensor.o(.constdata__ZTV13LSM6DSLSensor)
 <LI><a href="#[7a]">LSM6DSLSensor::get_x_sensitivity(float*)</a> from .\build\lsm6dslsensor.o(i._ZN13LSM6DSLSensor17get_x_sensitivityEPf) referenced from .\build\lsm6dslsensor.o(.constdata__ZTV13LSM6DSLSensor)
 <LI><a href="#[76]">LSM6DSLSensor::init(void*)</a> from .\build\lsm6dslsensor.o(i._ZN13LSM6DSLSensor4initEPv) referenced from .\build\lsm6dslsensor.o(.constdata__ZTV13LSM6DSLSensor)
 <LI><a href="#[77]">LSM6DSLSensor::read_id(unsigned char*)</a> from .\build\lsm6dslsensor.o(i._ZN13LSM6DSLSensor7read_idEPh) referenced from .\build\lsm6dslsensor.o(.constdata__ZTV13LSM6DSLSensor)
 <LI><a href="#[7f]">LSM6DSLSensor::set_g_fs(float)</a> from .\build\lsm6dslsensor.o(i._ZN13LSM6DSLSensor8set_g_fsEf) referenced from .\build\lsm6dslsensor.o(.constdata__ZTV13LSM6DSLSensor)
 <LI><a href="#[7b]">LSM6DSLSensor::set_x_fs(float)</a> from .\build\lsm6dslsensor.o(i._ZN13LSM6DSLSensor8set_x_fsEf) referenced from .\build\lsm6dslsensor.o(.constdata__ZTV13LSM6DSLSensor)
 <LI><a href="#[82]">LSM303AGRAccSensor::get_x_axes(int*)</a> from .\build\lsm303agraccsensor.o(i._ZN18LSM303AGRAccSensor10get_x_axesEPi) referenced from .\build\lsm303agraccsensor.o(.constdata__ZTV18LSM303AGRAccSensor)
 <LI><a href="#[80]">LSM303AGRAccSensor::init(void*)</a> from .\build\lsm303agraccsensor.o(i._ZN18LSM303AGRAccSensor4initEPv) referenced from .\build\lsm303agraccsensor.o(.constdata__ZTV18LSM303AGRAccSensor)
 <LI><a href="#[81]">LSM303AGRAccSensor::read_id(unsigned char*)</a> from .\build\lsm303agraccsensor.o(i._ZN18LSM303AGRAccSensor7read_idEPh) referenced from .\build\lsm303agraccsensor.o(.constdata__ZTV18LSM303AGRAccSensor)
 <LI><a href="#[83]">LSM303AGRAccSensor::set_x_fs(float)</a> from .\build\lsm303agraccsensor.o(i._ZN18LSM303AGRAccSensor8set_x_fsEf) referenced from .\build\lsm303agraccsensor.o(.constdata__ZTV18LSM303AGRAccSensor)
 <LI><a href="#[86]">LSM303AGRMagSensor::get_m_axes(int*)</a> from .\build\lsm303agrmagsensor.o(i._ZN18LSM303AGRMagSensor10get_m_axesEPi) referenced from .\build\lsm303agrmagsensor.o(.constdata__ZTV18LSM303AGRMagSensor)
 <LI><a href="#[87]">LSM303AGRMagSensor::get_m_axes_raw(short*)</a> from .\build\lsm303agrmagsensor.o(i._ZN18LSM303AGRMagSensor14get_m_axes_rawEPs) referenced from .\build\lsm303agrmagsensor.o(.constdata__ZTV18LSM303AGRMagSensor)
 <LI><a href="#[84]">LSM303AGRMagSensor::init(void*)</a> from .\build\lsm303agrmagsensor.o(i._ZN18LSM303AGRMagSensor4initEPv) referenced from .\build\lsm303agrmagsensor.o(.constdata__ZTV18LSM303AGRMagSensor)
 <LI><a href="#[85]">LSM303AGRMagSensor::read_id(unsigned char*)</a> from .\build\lsm303agrmagsensor.o(i._ZN18LSM303AGRMagSensor7read_idEPh) referenced from .\build\lsm303agrmagsensor.o(.constdata__ZTV18LSM303AGRMagSensor)
 <LI><a href="#[5f]">mbed::InterruptIn::_irq_handler(unsigned, gpio_irq_event)</a> from mbed/TARGET_NUCLEO_F411RE/TOOLCHAIN_ARM_STD/mbed.ar(InterruptIn.o)(i._ZN4mbed11InterruptIn12_irq_handlerEj14gpio_irq_event) referenced from mbed/TARGET_NUCLEO_F411RE/TOOLCHAIN_ARM_STD/mbed.ar(InterruptIn.o)(i._ZN4mbed11InterruptInC1E7PinName)
 <LI><a href="#[68]">mbed::I2C::irq_handler_asynch()</a> from mbed/TARGET_NUCLEO_F411RE/TOOLCHAIN_ARM_STD/mbed.ar(I2C.o)(i._ZN4mbed3I2C18irq_handler_asynchEv) referenced from mbed/TARGET_NUCLEO_F411RE/TOOLCHAIN_ARM_STD/mbed.ar(I2C.o)(.constdata)
 <LI><a href="#[88]">mbed::I2C::lock()</a> from mbed/TARGET_NUCLEO_F411RE/TOOLCHAIN_ARM_STD/mbed.ar(I2C.o)(i._ZN4mbed3I2C4lockEv) referenced from .\build\xnucleoiks01a2.o(.constdata__ZTV6DevI2C)
 <LI><a href="#[88]">mbed::I2C::lock()</a> from mbed/TARGET_NUCLEO_F411RE/TOOLCHAIN_ARM_STD/mbed.ar(I2C.o)(i._ZN4mbed3I2C4lockEv) referenced from mbed/TARGET_NUCLEO_F411RE/TOOLCHAIN_ARM_STD/mbed.ar(I2C.o)(.constdata__ZTVN4mbed3I2CE)
 <LI><a href="#[89]">mbed::I2C::unlock()</a> from mbed/TARGET_NUCLEO_F411RE/TOOLCHAIN_ARM_STD/mbed.ar(I2C.o)(i._ZN4mbed3I2C6unlockEv) referenced from .\build\xnucleoiks01a2.o(.constdata__ZTV6DevI2C)
 <LI><a href="#[89]">mbed::I2C::unlock()</a> from mbed/TARGET_NUCLEO_F411RE/TOOLCHAIN_ARM_STD/mbed.ar(I2C.o)(i._ZN4mbed3I2C6unlockEv) referenced from mbed/TARGET_NUCLEO_F411RE/TOOLCHAIN_ARM_STD/mbed.ar(I2C.o)(.constdata__ZTVN4mbed3I2CE)
 <LI><a href="#[8a]">void mbed::Callback&lang;void()&rang;::function_call&lang;void(*)()&rang;(const void*)</a> from mbed/TARGET_NUCLEO_F411RE/TOOLCHAIN_ARM_STD/mbed.ar(InterruptIn.o)(t._ZN4mbed8CallbackIFvvEE13function_callIPS1_EEvPKv) referenced from mbed/TARGET_NUCLEO_F411RE/TOOLCHAIN_ARM_STD/mbed.ar(InterruptIn.o)(.constdata__ZZN4mbed8CallbackIFvvEE8generateIPS1_EEvRKT_E3ops)
 <LI><a href="#[8c]">void mbed::Callback&lang;void()&rang;::function_dtor&lang;void(*)()&rang;(void*)</a> from mbed/TARGET_NUCLEO_F411RE/TOOLCHAIN_ARM_STD/mbed.ar(InterruptIn.o)(t._ZN4mbed8CallbackIFvvEE13function_dtorIPS1_EEvPv) referenced from mbed/TARGET_NUCLEO_F411RE/TOOLCHAIN_ARM_STD/mbed.ar(InterruptIn.o)(.constdata__ZZN4mbed8CallbackIFvvEE8generateIPS1_EEvRKT_E3ops)
 <LI><a href="#[8b]">void mbed::Callback&lang;void()&rang;::function_move&lang;void(*)()&rang;(void*, const void*)</a> from mbed/TARGET_NUCLEO_F411RE/TOOLCHAIN_ARM_STD/mbed.ar(InterruptIn.o)(t._ZN4mbed8CallbackIFvvEE13function_moveIPS1_EEvPvPKv) referenced from mbed/TARGET_NUCLEO_F411RE/TOOLCHAIN_ARM_STD/mbed.ar(InterruptIn.o)(.constdata__ZZN4mbed8CallbackIFvvEE8generateIPS1_EEvRKT_E3ops)
 <LI><a href="#[5e]">mbed::donothing()</a> from mbed/TARGET_NUCLEO_F411RE/TOOLCHAIN_ARM_STD/mbed.ar(InterruptIn.o)(i._ZN4mbed9donothingEv) referenced from mbed/TARGET_NUCLEO_F411RE/TOOLCHAIN_ARM_STD/mbed.ar(InterruptIn.o)(i._ZN4mbed11InterruptInC1E7PinName)
 <LI><a href="#[60]">CThunk&lang;mbed::I2C&rang;::trampoline(mbed::I2C*, void*, void(mbed::I2C::**)(void*))</a> from mbed/TARGET_NUCLEO_F411RE/TOOLCHAIN_ARM_STD/mbed.ar(I2C.o)(t._ZN6CThunkIN4mbed3I2CEE10trampolineEPS1_PvPMS1_FvS4_E) referenced from mbed/TARGET_NUCLEO_F411RE/TOOLCHAIN_ARM_STD/mbed.ar(I2C.o)(i._ZN4mbed3I2CC1E7PinNameS1_)
 <LI><a href="#[8e]">__main</a> from C:\Keil_v5\ARM\ARMCC\Bin\..\lib\armlib\c_w.l(__main.o)(!!!main) referenced from mbed/TARGET_NUCLEO_F411RE/TOOLCHAIN_ARM_STD/startup_stm32f411xe.o(.text)
 <LI><a href="#[8d]">__sti___8_main_cpp_main</a> from .\build\main.o(i.__sti___8_main_cpp_main) referenced from .\build\main.o(.init_array)
 <LI><a href="#[58]">_get_lc_ctype</a> from C:\Keil_v5\ARM\ARMCC\Bin\..\lib\armlib\c_w.l(lc_ctype_c.o)(locale$$code) referenced from C:\Keil_v5\ARM\ARMCC\Bin\..\lib\armlib\c_w.l(rt_ctype_table.o)(.text)
 <LI><a href="#[54]">_printf_input_char</a> from C:\Keil_v5\ARM\ARMCC\Bin\..\lib\armlib\c_w.l(_printf_char_common.o)(.text) referenced from C:\Keil_v5\ARM\ARMCC\Bin\..\lib\armlib\c_w.l(_printf_char_common.o)(.text)
 <LI><a href="#[53]">_sbackspace</a> from C:\Keil_v5\ARM\ARMCC\Bin\..\lib\armlib\c_w.l(_sgetc.o)(.text) referenced from C:\Keil_v5\ARM\ARMCC\Bin\..\lib\armlib\c_w.l(__0sscanf.o)(.text)
 <LI><a href="#[56]">_scanf_char_input</a> from C:\Keil_v5\ARM\ARMCC\Bin\..\lib\armlib\c_w.l(scanf_char.o)(.text) referenced from C:\Keil_v5\ARM\ARMCC\Bin\..\lib\armlib\c_w.l(scanf_char.o)(.text)
 <LI><a href="#[52]">_sgetc</a> from C:\Keil_v5\ARM\ARMCC\Bin\..\lib\armlib\c_w.l(_sgetc.o)(.text) referenced from C:\Keil_v5\ARM\ARMCC\Bin\..\lib\armlib\c_w.l(__0sscanf.o)(.text)
 <LI><a href="#[51]">_sputc</a> from C:\Keil_v5\ARM\ARMCC\Bin\..\lib\armlib\c_w.l(_sputc.o)(.text) referenced from C:\Keil_v5\ARM\ARMCC\Bin\..\lib\armlib\c_w.l(vsprintf.o)(.text)
 <LI><a href="#[55]">fputc</a> from C:\Keil_v5\ARM\ARMCC\Bin\..\lib\armlib\c_w.l(fputc.o)(i.fputc) referenced from C:\Keil_v5\ARM\ARMCC\Bin\..\lib\armlib\c_w.l(_printf_char_file.o)(.text)
 <LI><a href="#[61]">gpio_irq0</a> from mbed/TARGET_NUCLEO_F411RE/TOOLCHAIN_ARM_STD/gpio_irq_api.o(i.gpio_irq0) referenced from mbed/TARGET_NUCLEO_F411RE/TOOLCHAIN_ARM_STD/gpio_irq_api.o(i.gpio_irq_init)
 <LI><a href="#[62]">gpio_irq1</a> from mbed/TARGET_NUCLEO_F411RE/TOOLCHAIN_ARM_STD/gpio_irq_api.o(i.gpio_irq1) referenced from mbed/TARGET_NUCLEO_F411RE/TOOLCHAIN_ARM_STD/gpio_irq_api.o(i.gpio_irq_init)
 <LI><a href="#[63]">gpio_irq2</a> from mbed/TARGET_NUCLEO_F411RE/TOOLCHAIN_ARM_STD/gpio_irq_api.o(i.gpio_irq2) referenced from mbed/TARGET_NUCLEO_F411RE/TOOLCHAIN_ARM_STD/gpio_irq_api.o(i.gpio_irq_init)
 <LI><a href="#[64]">gpio_irq3</a> from mbed/TARGET_NUCLEO_F411RE/TOOLCHAIN_ARM_STD/gpio_irq_api.o(i.gpio_irq3) referenced from mbed/TARGET_NUCLEO_F411RE/TOOLCHAIN_ARM_STD/gpio_irq_api.o(i.gpio_irq_init)
 <LI><a href="#[65]">gpio_irq4</a> from mbed/TARGET_NUCLEO_F411RE/TOOLCHAIN_ARM_STD/gpio_irq_api.o(i.gpio_irq4) referenced from mbed/TARGET_NUCLEO_F411RE/TOOLCHAIN_ARM_STD/gpio_irq_api.o(i.gpio_irq_init)
 <LI><a href="#[66]">gpio_irq5</a> from mbed/TARGET_NUCLEO_F411RE/TOOLCHAIN_ARM_STD/gpio_irq_api.o(i.gpio_irq5) referenced from mbed/TARGET_NUCLEO_F411RE/TOOLCHAIN_ARM_STD/gpio_irq_api.o(i.gpio_irq_init)
 <LI><a href="#[67]">gpio_irq6</a> from mbed/TARGET_NUCLEO_F411RE/TOOLCHAIN_ARM_STD/gpio_irq_api.o(i.gpio_irq6) referenced from mbed/TARGET_NUCLEO_F411RE/TOOLCHAIN_ARM_STD/gpio_irq_api.o(i.gpio_irq_init)
 <LI><a href="#[5a]">i2c1_irq</a> from mbed/TARGET_NUCLEO_F411RE/TOOLCHAIN_ARM_STD/i2c_api.o(i.i2c1_irq) referenced from mbed/TARGET_NUCLEO_F411RE/TOOLCHAIN_ARM_STD/i2c_api.o(i.HAL_I2C_ErrorCallback)
 <LI><a href="#[5a]">i2c1_irq</a> from mbed/TARGET_NUCLEO_F411RE/TOOLCHAIN_ARM_STD/i2c_api.o(i.i2c1_irq) referenced from mbed/TARGET_NUCLEO_F411RE/TOOLCHAIN_ARM_STD/i2c_api.o(i.i2c_read)
 <LI><a href="#[5a]">i2c1_irq</a> from mbed/TARGET_NUCLEO_F411RE/TOOLCHAIN_ARM_STD/i2c_api.o(i.i2c1_irq) referenced from mbed/TARGET_NUCLEO_F411RE/TOOLCHAIN_ARM_STD/i2c_api.o(i.i2c_write)
 <LI><a href="#[5b]">i2c2_irq</a> from mbed/TARGET_NUCLEO_F411RE/TOOLCHAIN_ARM_STD/i2c_api.o(i.i2c2_irq) referenced from mbed/TARGET_NUCLEO_F411RE/TOOLCHAIN_ARM_STD/i2c_api.o(i.HAL_I2C_ErrorCallback)
 <LI><a href="#[5b]">i2c2_irq</a> from mbed/TARGET_NUCLEO_F411RE/TOOLCHAIN_ARM_STD/i2c_api.o(i.i2c2_irq) referenced from mbed/TARGET_NUCLEO_F411RE/TOOLCHAIN_ARM_STD/i2c_api.o(i.i2c_read)
 <LI><a href="#[5b]">i2c2_irq</a> from mbed/TARGET_NUCLEO_F411RE/TOOLCHAIN_ARM_STD/i2c_api.o(i.i2c2_irq) referenced from mbed/TARGET_NUCLEO_F411RE/TOOLCHAIN_ARM_STD/i2c_api.o(i.i2c_write)
 <LI><a href="#[5c]">i2c3_irq</a> from mbed/TARGET_NUCLEO_F411RE/TOOLCHAIN_ARM_STD/i2c_api.o(i.i2c3_irq) referenced from mbed/TARGET_NUCLEO_F411RE/TOOLCHAIN_ARM_STD/i2c_api.o(i.HAL_I2C_ErrorCallback)
 <LI><a href="#[5c]">i2c3_irq</a> from mbed/TARGET_NUCLEO_F411RE/TOOLCHAIN_ARM_STD/i2c_api.o(i.i2c3_irq) referenced from mbed/TARGET_NUCLEO_F411RE/TOOLCHAIN_ARM_STD/i2c_api.o(i.i2c_read)
 <LI><a href="#[5c]">i2c3_irq</a> from mbed/TARGET_NUCLEO_F411RE/TOOLCHAIN_ARM_STD/i2c_api.o(i.i2c3_irq) referenced from mbed/TARGET_NUCLEO_F411RE/TOOLCHAIN_ARM_STD/i2c_api.o(i.i2c_write)
 <LI><a href="#[57]">isspace</a> from C:\Keil_v5\ARM\ARMCC\Bin\..\lib\armlib\c_w.l(isspace.o)(.text) referenced from C:\Keil_v5\ARM\ARMCC\Bin\..\lib\armlib\c_w.l(scanf_char.o)(.text)
 <LI><a href="#[5d]">timer_irq_handler</a> from mbed/TARGET_NUCLEO_F411RE/TOOLCHAIN_ARM_STD/hal_tick_32b.o(i.timer_irq_handler) referenced from mbed/TARGET_NUCLEO_F411RE/TOOLCHAIN_ARM_STD/hal_tick_32b.o(i.HAL_InitTick)
 <LI><a href="#[6c]">us_ticker_clear_interrupt</a> from mbed/TARGET_NUCLEO_F411RE/TOOLCHAIN_ARM_STD/us_ticker_32b.o(i.us_ticker_clear_interrupt) referenced from mbed/TARGET_NUCLEO_F411RE/TOOLCHAIN_ARM_STD/mbed.ar(mbed_us_ticker_api.o)(.constdata)
 <LI><a href="#[6b]">us_ticker_disable_interrupt</a> from mbed/TARGET_NUCLEO_F411RE/TOOLCHAIN_ARM_STD/us_ticker_32b.o(i.us_ticker_disable_interrupt) referenced from mbed/TARGET_NUCLEO_F411RE/TOOLCHAIN_ARM_STD/mbed.ar(mbed_us_ticker_api.o)(.constdata)
 <LI><a href="#[69]">us_ticker_init</a> from mbed/TARGET_NUCLEO_F411RE/TOOLCHAIN_ARM_STD/us_ticker_32b.o(i.us_ticker_init) referenced from mbed/TARGET_NUCLEO_F411RE/TOOLCHAIN_ARM_STD/mbed.ar(mbed_us_ticker_api.o)(.constdata)
 <LI><a href="#[6a]">us_ticker_read</a> from mbed/TARGET_NUCLEO_F411RE/TOOLCHAIN_ARM_STD/us_ticker_32b.o(i.us_ticker_read) referenced from mbed/TARGET_NUCLEO_F411RE/TOOLCHAIN_ARM_STD/mbed.ar(mbed_us_ticker_api.o)(.constdata)
 <LI><a href="#[6d]">us_ticker_set_interrupt</a> from mbed/TARGET_NUCLEO_F411RE/TOOLCHAIN_ARM_STD/us_ticker_32b.o(i.us_ticker_set_interrupt) referenced from mbed/TARGET_NUCLEO_F411RE/TOOLCHAIN_ARM_STD/mbed.ar(mbed_us_ticker_api.o)(.constdata)
</UL>
<P>
<H3>
Global Symbols
</H3>
<P><STRONG><a name="[8e]"></a>__main</STRONG> (Thumb, 8 bytes, Stack size 0 bytes, C:\Keil_v5\ARM\ARMCC\Bin\..\lib\armlib\c_w.l(__main.o)(!!!main))
<BR><BR>[Calls]<UL><LI><a href="#[91]">&gt;&gt;</a>&nbsp;&nbsp;&nbsp;__rt_entry
<LI><a href="#[90]">&gt;&gt;</a>&nbsp;&nbsp;&nbsp;__scatterload
</UL>

<P><STRONG><a name="[90]"></a>__scatterload</STRONG> (Thumb, 0 bytes, Stack size unknown bytes, C:\Keil_v5\ARM\ARMCC\Bin\..\lib\armlib\c_w.l(__scatter.o)(!!!scatter))
<BR><BR>[Called By]<UL><LI><a href="#[8e]">&gt;&gt;</a>&nbsp;&nbsp;&nbsp;__main
</UL>

<P><STRONG><a name="[92]"></a>__scatterload_rt2</STRONG> (Thumb, 44 bytes, Stack size unknown bytes, C:\Keil_v5\ARM\ARMCC\Bin\..\lib\armlib\c_w.l(__scatter.o)(!!!scatter), UNUSED)
<BR><BR>[Calls]<UL><LI><a href="#[91]">&gt;&gt;</a>&nbsp;&nbsp;&nbsp;__rt_entry
</UL>

<P><STRONG><a name="[1ee]"></a>__scatterload_rt2_thumb_only</STRONG> (Thumb, 0 bytes, Stack size unknown bytes, C:\Keil_v5\ARM\ARMCC\Bin\..\lib\armlib\c_w.l(__scatter.o)(!!!scatter), UNUSED)

<P><STRONG><a name="[1ef]"></a>__scatterload_null</STRONG> (Thumb, 0 bytes, Stack size unknown bytes, C:\Keil_v5\ARM\ARMCC\Bin\..\lib\armlib\c_w.l(__scatter.o)(!!!scatter), UNUSED)

<P><STRONG><a name="[93]"></a>__scatterload_copy</STRONG> (Thumb, 26 bytes, Stack size unknown bytes, C:\Keil_v5\ARM\ARMCC\Bin\..\lib\armlib\c_w.l(__scatter_copy.o)(!!handler_copy), UNUSED)
<BR><BR>[Calls]<UL><LI><a href="#[93]">&gt;&gt;</a>&nbsp;&nbsp;&nbsp;__scatterload_copy
</UL>
<BR>[Called By]<UL><LI><a href="#[93]">&gt;&gt;</a>&nbsp;&nbsp;&nbsp;__scatterload_copy
</UL>

<P><STRONG><a name="[1f0]"></a>__scatterload_zeroinit</STRONG> (Thumb, 28 bytes, Stack size unknown bytes, C:\Keil_v5\ARM\ARMCC\Bin\..\lib\armlib\c_w.l(__scatter_zi.o)(!!handler_zi), UNUSED)

<P><STRONG><a name="[94]"></a>_printf_n</STRONG> (Thumb, 0 bytes, Stack size unknown bytes, C:\Keil_v5\ARM\ARMCC\Bin\..\lib\armlib\c_w.l(_printf_n.o)(.ARM.Collect$$_printf_percent$$00000001))
<BR><BR>[Calls]<UL><LI><a href="#[95]">&gt;&gt;</a>&nbsp;&nbsp;&nbsp;_printf_charcount
</UL>

<P><STRONG><a name="[de]"></a>_printf_percent</STRONG> (Thumb, 0 bytes, Stack size unknown bytes, C:\Keil_v5\ARM\ARMCC\Bin\..\lib\armlib\c_w.l(_printf_percent.o)(.ARM.Collect$$_printf_percent$$00000000))
<BR><BR>[Called By]<UL><LI><a href="#[dc]">&gt;&gt;</a>&nbsp;&nbsp;&nbsp;__printf
</UL>

<P><STRONG><a name="[96]"></a>_printf_p</STRONG> (Thumb, 0 bytes, Stack size unknown bytes, C:\Keil_v5\ARM\ARMCC\Bin\..\lib\armlib\c_w.l(_printf_p.o)(.ARM.Collect$$_printf_percent$$00000002))
<BR><BR>[Stack]<UL><LI>Max Depth = 64 + Unknown Stack Size
<LI>Call Chain = _printf_p &rArr; _printf_hex_ptr &rArr; _printf_longlong_hex &rArr; _printf_int_common &rArr; _printf_post_padding
</UL>
<BR>[Calls]<UL><LI><a href="#[97]">&gt;&gt;</a>&nbsp;&nbsp;&nbsp;_printf_hex_ptr
</UL>

<P><STRONG><a name="[98]"></a>_printf_f</STRONG> (Thumb, 0 bytes, Stack size unknown bytes, C:\Keil_v5\ARM\ARMCC\Bin\..\lib\armlib\c_w.l(_printf_f.o)(.ARM.Collect$$_printf_percent$$00000003))
<BR><BR>[Stack]<UL><LI>Max Depth = 324 + Unknown Stack Size
<LI>Call Chain = _printf_f &rArr; _printf_fp_dec &rArr; _printf_fp_dec_real &rArr; _fp_digits &rArr; _btod_etento &rArr; _btod_emul &rArr; _e2e
</UL>
<BR>[Calls]<UL><LI><a href="#[99]">&gt;&gt;</a>&nbsp;&nbsp;&nbsp;_printf_fp_dec
</UL>

<P><STRONG><a name="[9a]"></a>_printf_e</STRONG> (Thumb, 0 bytes, Stack size unknown bytes, C:\Keil_v5\ARM\ARMCC\Bin\..\lib\armlib\c_w.l(_printf_e.o)(.ARM.Collect$$_printf_percent$$00000004))
<BR><BR>[Stack]<UL><LI>Max Depth = 324 + Unknown Stack Size
<LI>Call Chain = _printf_e &rArr; _printf_fp_dec &rArr; _printf_fp_dec_real &rArr; _fp_digits &rArr; _btod_etento &rArr; _btod_emul &rArr; _e2e
</UL>
<BR>[Calls]<UL><LI><a href="#[99]">&gt;&gt;</a>&nbsp;&nbsp;&nbsp;_printf_fp_dec
</UL>

<P><STRONG><a name="[9b]"></a>_printf_g</STRONG> (Thumb, 0 bytes, Stack size unknown bytes, C:\Keil_v5\ARM\ARMCC\Bin\..\lib\armlib\c_w.l(_printf_g.o)(.ARM.Collect$$_printf_percent$$00000005))
<BR><BR>[Stack]<UL><LI>Max Depth = 324 + Unknown Stack Size
<LI>Call Chain = _printf_g &rArr; _printf_fp_dec &rArr; _printf_fp_dec_real &rArr; _fp_digits &rArr; _btod_etento &rArr; _btod_emul &rArr; _e2e
</UL>
<BR>[Calls]<UL><LI><a href="#[99]">&gt;&gt;</a>&nbsp;&nbsp;&nbsp;_printf_fp_dec
</UL>

<P><STRONG><a name="[9c]"></a>_printf_a</STRONG> (Thumb, 0 bytes, Stack size unknown bytes, C:\Keil_v5\ARM\ARMCC\Bin\..\lib\armlib\c_w.l(_printf_a.o)(.ARM.Collect$$_printf_percent$$00000006))
<BR><BR>[Stack]<UL><LI>Max Depth = 112 + Unknown Stack Size
<LI>Call Chain = _printf_a &rArr; _printf_fp_hex &rArr; _printf_fp_hex_real &rArr; _printf_fp_infnan &rArr; _printf_post_padding
</UL>
<BR>[Calls]<UL><LI><a href="#[9d]">&gt;&gt;</a>&nbsp;&nbsp;&nbsp;_printf_fp_hex
</UL>

<P><STRONG><a name="[1f1]"></a>_printf_ll</STRONG> (Thumb, 0 bytes, Stack size unknown bytes, C:\Keil_v5\ARM\ARMCC\Bin\..\lib\armlib\c_w.l(_printf_ll.o)(.ARM.Collect$$_printf_percent$$00000007))

<P><STRONG><a name="[9e]"></a>_printf_i</STRONG> (Thumb, 0 bytes, Stack size unknown bytes, C:\Keil_v5\ARM\ARMCC\Bin\..\lib\armlib\c_w.l(_printf_i.o)(.ARM.Collect$$_printf_percent$$00000008))
<BR><BR>[Stack]<UL><LI>Max Depth = 72 + Unknown Stack Size
<LI>Call Chain = _printf_i &rArr; _printf_int_dec &rArr; _printf_int_common &rArr; _printf_post_padding
</UL>
<BR>[Calls]<UL><LI><a href="#[9f]">&gt;&gt;</a>&nbsp;&nbsp;&nbsp;_printf_int_dec
</UL>

<P><STRONG><a name="[a0]"></a>_printf_d</STRONG> (Thumb, 0 bytes, Stack size unknown bytes, C:\Keil_v5\ARM\ARMCC\Bin\..\lib\armlib\c_w.l(_printf_d.o)(.ARM.Collect$$_printf_percent$$00000009))
<BR><BR>[Stack]<UL><LI>Max Depth = 72 + Unknown Stack Size
<LI>Call Chain = _printf_d &rArr; _printf_int_dec &rArr; _printf_int_common &rArr; _printf_post_padding
</UL>
<BR>[Calls]<UL><LI><a href="#[9f]">&gt;&gt;</a>&nbsp;&nbsp;&nbsp;_printf_int_dec
</UL>

<P><STRONG><a name="[a1]"></a>_printf_u</STRONG> (Thumb, 0 bytes, Stack size unknown bytes, C:\Keil_v5\ARM\ARMCC\Bin\..\lib\armlib\c_w.l(_printf_u.o)(.ARM.Collect$$_printf_percent$$0000000A))
<BR><BR>[Stack]<UL><LI>Max Depth = 72 + Unknown Stack Size
<LI>Call Chain = _printf_u &rArr; _printf_int_dec &rArr; _printf_int_common &rArr; _printf_post_padding
</UL>
<BR>[Calls]<UL><LI><a href="#[9f]">&gt;&gt;</a>&nbsp;&nbsp;&nbsp;_printf_int_dec
</UL>

<P><STRONG><a name="[a2]"></a>_printf_o</STRONG> (Thumb, 0 bytes, Stack size unknown bytes, C:\Keil_v5\ARM\ARMCC\Bin\..\lib\armlib\c_w.l(_printf_o.o)(.ARM.Collect$$_printf_percent$$0000000B))
<BR><BR>[Stack]<UL><LI>Max Depth = 64 + Unknown Stack Size
<LI>Call Chain = _printf_o &rArr; _printf_int_oct &rArr; _printf_longlong_oct &rArr; _printf_int_common &rArr; _printf_post_padding
</UL>
<BR>[Calls]<UL><LI><a href="#[a3]">&gt;&gt;</a>&nbsp;&nbsp;&nbsp;_printf_int_oct
</UL>

<P><STRONG><a name="[a4]"></a>_printf_x</STRONG> (Thumb, 0 bytes, Stack size unknown bytes, C:\Keil_v5\ARM\ARMCC\Bin\..\lib\armlib\c_w.l(_printf_x.o)(.ARM.Collect$$_printf_percent$$0000000C))
<BR><BR>[Stack]<UL><LI>Max Depth = 80 + Unknown Stack Size
<LI>Call Chain = _printf_x &rArr; _printf_int_hex &rArr; _printf_longlong_hex &rArr; _printf_int_common &rArr; _printf_post_padding
</UL>
<BR>[Calls]<UL><LI><a href="#[a5]">&gt;&gt;</a>&nbsp;&nbsp;&nbsp;_printf_int_hex
</UL>

<P><STRONG><a name="[a6]"></a>_printf_lli</STRONG> (Thumb, 0 bytes, Stack size unknown bytes, C:\Keil_v5\ARM\ARMCC\Bin\..\lib\armlib\c_w.l(_printf_lli.o)(.ARM.Collect$$_printf_percent$$0000000D))
<BR><BR>[Stack]<UL><LI>Max Depth = 72 + Unknown Stack Size
<LI>Call Chain = _printf_lli &rArr; _printf_longlong_dec &rArr; _printf_int_common &rArr; _printf_post_padding
</UL>
<BR>[Calls]<UL><LI><a href="#[a7]">&gt;&gt;</a>&nbsp;&nbsp;&nbsp;_printf_longlong_dec
</UL>

<P><STRONG><a name="[a8]"></a>_printf_lld</STRONG> (Thumb, 0 bytes, Stack size unknown bytes, C:\Keil_v5\ARM\ARMCC\Bin\..\lib\armlib\c_w.l(_printf_lld.o)(.ARM.Collect$$_printf_percent$$0000000E))
<BR><BR>[Stack]<UL><LI>Max Depth = 72 + Unknown Stack Size
<LI>Call Chain = _printf_lld &rArr; _printf_longlong_dec &rArr; _printf_int_common &rArr; _printf_post_padding
</UL>
<BR>[Calls]<UL><LI><a href="#[a7]">&gt;&gt;</a>&nbsp;&nbsp;&nbsp;_printf_longlong_dec
</UL>

<P><STRONG><a name="[a9]"></a>_printf_llu</STRONG> (Thumb, 0 bytes, Stack size unknown bytes, C:\Keil_v5\ARM\ARMCC\Bin\..\lib\armlib\c_w.l(_printf_llu.o)(.ARM.Collect$$_printf_percent$$0000000F))
<BR><BR>[Stack]<UL><LI>Max Depth = 72 + Unknown Stack Size
<LI>Call Chain = _printf_llu &rArr; _printf_longlong_dec &rArr; _printf_int_common &rArr; _printf_post_padding
</UL>
<BR>[Calls]<UL><LI><a href="#[a7]">&gt;&gt;</a>&nbsp;&nbsp;&nbsp;_printf_longlong_dec
</UL>

<P><STRONG><a name="[aa]"></a>_printf_llo</STRONG> (Thumb, 0 bytes, Stack size unknown bytes, C:\Keil_v5\ARM\ARMCC\Bin\..\lib\armlib\c_w.l(_printf_llo.o)(.ARM.Collect$$_printf_percent$$00000010))
<BR><BR>[Stack]<UL><LI>Max Depth = 56 + Unknown Stack Size
<LI>Call Chain = _printf_llo &rArr; _printf_ll_oct &rArr; _printf_longlong_oct &rArr; _printf_int_common &rArr; _printf_post_padding
</UL>
<BR>[Calls]<UL><LI><a href="#[ab]">&gt;&gt;</a>&nbsp;&nbsp;&nbsp;_printf_ll_oct
</UL>

<P><STRONG><a name="[ac]"></a>_printf_llx</STRONG> (Thumb, 0 bytes, Stack size unknown bytes, C:\Keil_v5\ARM\ARMCC\Bin\..\lib\armlib\c_w.l(_printf_llx.o)(.ARM.Collect$$_printf_percent$$00000011))
<BR><BR>[Stack]<UL><LI>Max Depth = 64 + Unknown Stack Size
<LI>Call Chain = _printf_llx &rArr; _printf_ll_hex &rArr; _printf_longlong_hex &rArr; _printf_int_common &rArr; _printf_post_padding
</UL>
<BR>[Calls]<UL><LI><a href="#[ad]">&gt;&gt;</a>&nbsp;&nbsp;&nbsp;_printf_ll_hex
</UL>

<P><STRONG><a name="[1f2]"></a>_printf_l</STRONG> (Thumb, 0 bytes, Stack size unknown bytes, C:\Keil_v5\ARM\ARMCC\Bin\..\lib\armlib\c_w.l(_printf_l.o)(.ARM.Collect$$_printf_percent$$00000012))

<P><STRONG><a name="[ae]"></a>_printf_c</STRONG> (Thumb, 0 bytes, Stack size unknown bytes, C:\Keil_v5\ARM\ARMCC\Bin\..\lib\armlib\c_w.l(_printf_c.o)(.ARM.Collect$$_printf_percent$$00000013))
<BR><BR>[Stack]<UL><LI>Max Depth = 40 + Unknown Stack Size
<LI>Call Chain = _printf_c &rArr; _printf_char &rArr; _printf_cs_common &rArr; _printf_str &rArr; _printf_post_padding
</UL>
<BR>[Calls]<UL><LI><a href="#[af]">&gt;&gt;</a>&nbsp;&nbsp;&nbsp;_printf_char
</UL>

<P><STRONG><a name="[b0]"></a>_printf_s</STRONG> (Thumb, 0 bytes, Stack size unknown bytes, C:\Keil_v5\ARM\ARMCC\Bin\..\lib\armlib\c_w.l(_printf_s.o)(.ARM.Collect$$_printf_percent$$00000014))
<BR><BR>[Stack]<UL><LI>Max Depth = 40 + Unknown Stack Size
<LI>Call Chain = _printf_s &rArr; _printf_string &rArr; _printf_cs_common &rArr; _printf_str &rArr; _printf_post_padding
</UL>
<BR>[Calls]<UL><LI><a href="#[b1]">&gt;&gt;</a>&nbsp;&nbsp;&nbsp;_printf_string
</UL>

<P><STRONG><a name="[b2]"></a>_printf_lc</STRONG> (Thumb, 0 bytes, Stack size unknown bytes, C:\Keil_v5\ARM\ARMCC\Bin\..\lib\armlib\c_w.l(_printf_lc.o)(.ARM.Collect$$_printf_percent$$00000015))
<BR><BR>[Stack]<UL><LI>Max Depth = 88 + Unknown Stack Size
<LI>Call Chain = _printf_lc &rArr; _printf_wchar &rArr; _printf_lcs_common &rArr; _printf_wctomb &rArr; _wcrtomb &rArr; __rt_ctype_table
</UL>
<BR>[Calls]<UL><LI><a href="#[b3]">&gt;&gt;</a>&nbsp;&nbsp;&nbsp;_printf_wchar
</UL>

<P><STRONG><a name="[b4]"></a>_printf_ls</STRONG> (Thumb, 0 bytes, Stack size unknown bytes, C:\Keil_v5\ARM\ARMCC\Bin\..\lib\armlib\c_w.l(_printf_ls.o)(.ARM.Collect$$_printf_percent$$00000016))
<BR><BR>[Stack]<UL><LI>Max Depth = 88 + Unknown Stack Size
<LI>Call Chain = _printf_ls &rArr; _printf_wstring &rArr; _printf_lcs_common &rArr; _printf_wctomb &rArr; _wcrtomb &rArr; __rt_ctype_table
</UL>
<BR>[Calls]<UL><LI><a href="#[b5]">&gt;&gt;</a>&nbsp;&nbsp;&nbsp;_printf_wstring
</UL>

<P><STRONG><a name="[1f3]"></a>_printf_percent_end</STRONG> (Thumb, 0 bytes, Stack size unknown bytes, C:\Keil_v5\ARM\ARMCC\Bin\..\lib\armlib\c_w.l(_printf_percent_end.o)(.ARM.Collect$$_printf_percent$$00000017))

<P><STRONG><a name="[c7]"></a>__rt_lib_init</STRONG> (Thumb, 0 bytes, Stack size unknown bytes, C:\Keil_v5\ARM\ARMCC\Bin\..\lib\armlib\c_w.l(libinit.o)(.ARM.Collect$$libinit$$00000000))
<BR><BR>[Called By]<UL><LI><a href="#[c6]">&gt;&gt;</a>&nbsp;&nbsp;&nbsp;__rt_entry_li
</UL>

<P><STRONG><a name="[b6]"></a>__rt_lib_init_fp_1</STRONG> (Thumb, 0 bytes, Stack size unknown bytes, C:\Keil_v5\ARM\ARMCC\Bin\..\lib\armlib\c_w.l(libinit2.o)(.ARM.Collect$$libinit$$00000001))
<BR><BR>[Calls]<UL><LI><a href="#[b7]">&gt;&gt;</a>&nbsp;&nbsp;&nbsp;_fp_init
</UL>

<P><STRONG><a name="[b8]"></a>__rt_lib_init_heap_2</STRONG> (Thumb, 0 bytes, Stack size unknown bytes, C:\Keil_v5\ARM\ARMCC\Bin\..\lib\armlib\c_w.l(libinit2.o)(.ARM.Collect$$libinit$$00000005))
<BR><BR>[Stack]<UL><LI>Max Depth = 64 + Unknown Stack Size
<LI>Call Chain = __rt_lib_init_heap_2 &rArr; _init_alloc &rArr; __rt_SIGRTMEM &rArr; __rt_SIGRTMEM_inner &rArr; __default_signal_display &rArr; _ttywrch
</UL>
<BR>[Calls]<UL><LI><a href="#[b9]">&gt;&gt;</a>&nbsp;&nbsp;&nbsp;_init_alloc
</UL>

<P><STRONG><a name="[1f4]"></a>__rt_lib_init_preinit_1</STRONG> (Thumb, 0 bytes, Stack size unknown bytes, C:\Keil_v5\ARM\ARMCC\Bin\..\lib\armlib\c_w.l(libinit2.o)(.ARM.Collect$$libinit$$00000004))

<P><STRONG><a name="[1f5]"></a>__rt_lib_init_heap_1</STRONG> (Thumb, 0 bytes, Stack size unknown bytes, C:\Keil_v5\ARM\ARMCC\Bin\..\lib\armlib\c_w.l(libinit2.o)(.ARM.Collect$$libinit$$0000000A))

<P><STRONG><a name="[ba]"></a>__rt_lib_init_lc_common</STRONG> (Thumb, 0 bytes, Stack size unknown bytes, C:\Keil_v5\ARM\ARMCC\Bin\..\lib\armlib\c_w.l(libinit2.o)(.ARM.Collect$$libinit$$0000000F))
<BR><BR>[Calls]<UL><LI><a href="#[bb]">&gt;&gt;</a>&nbsp;&nbsp;&nbsp;__rt_locale
</UL>

<P><STRONG><a name="[1f6]"></a>__rt_lib_init_rand_1</STRONG> (Thumb, 0 bytes, Stack size unknown bytes, C:\Keil_v5\ARM\ARMCC\Bin\..\lib\armlib\c_w.l(libinit2.o)(.ARM.Collect$$libinit$$0000000E))

<P><STRONG><a name="[1f7]"></a>__rt_lib_init_user_alloc_1</STRONG> (Thumb, 0 bytes, Stack size unknown bytes, C:\Keil_v5\ARM\ARMCC\Bin\..\lib\armlib\c_w.l(libinit2.o)(.ARM.Collect$$libinit$$0000000C))

<P><STRONG><a name="[1f8]"></a>__rt_lib_init_lc_collate_1</STRONG> (Thumb, 0 bytes, Stack size unknown bytes, C:\Keil_v5\ARM\ARMCC\Bin\..\lib\armlib\c_w.l(libinit2.o)(.ARM.Collect$$libinit$$00000011))

<P><STRONG><a name="[bc]"></a>__rt_lib_init_lc_ctype_2</STRONG> (Thumb, 0 bytes, Stack size unknown bytes, C:\Keil_v5\ARM\ARMCC\Bin\..\lib\armlib\c_w.l(libinit2.o)(.ARM.Collect$$libinit$$00000012))
<BR><BR>[Stack]<UL><LI>Max Depth = 8 + Unknown Stack Size
<LI>Call Chain = __rt_lib_init_lc_ctype_2 &rArr; _get_lc_ctype
</UL>
<BR>[Calls]<UL><LI><a href="#[58]">&gt;&gt;</a>&nbsp;&nbsp;&nbsp;_get_lc_ctype
</UL>

<P><STRONG><a name="[1f9]"></a>__rt_lib_init_lc_ctype_1</STRONG> (Thumb, 0 bytes, Stack size unknown bytes, C:\Keil_v5\ARM\ARMCC\Bin\..\lib\armlib\c_w.l(libinit2.o)(.ARM.Collect$$libinit$$00000013))

<P><STRONG><a name="[1fa]"></a>__rt_lib_init_lc_monetary_1</STRONG> (Thumb, 0 bytes, Stack size unknown bytes, C:\Keil_v5\ARM\ARMCC\Bin\..\lib\armlib\c_w.l(libinit2.o)(.ARM.Collect$$libinit$$00000015))

<P><STRONG><a name="[bd]"></a>__rt_lib_init_lc_numeric_2</STRONG> (Thumb, 0 bytes, Stack size unknown bytes, C:\Keil_v5\ARM\ARMCC\Bin\..\lib\armlib\c_w.l(libinit2.o)(.ARM.Collect$$libinit$$00000016))
<BR><BR>[Stack]<UL><LI>Max Depth = 8 + Unknown Stack Size
<LI>Call Chain = __rt_lib_init_lc_numeric_2 &rArr; _get_lc_numeric
</UL>
<BR>[Calls]<UL><LI><a href="#[be]">&gt;&gt;</a>&nbsp;&nbsp;&nbsp;_get_lc_numeric
</UL>

<P><STRONG><a name="[1fb]"></a>__rt_lib_init_atexit_1</STRONG> (Thumb, 0 bytes, Stack size unknown bytes, C:\Keil_v5\ARM\ARMCC\Bin\..\lib\armlib\c_w.l(libinit2.o)(.ARM.Collect$$libinit$$0000001B))

<P><STRONG><a name="[1fc]"></a>__rt_lib_init_clock_1</STRONG> (Thumb, 0 bytes, Stack size unknown bytes, C:\Keil_v5\ARM\ARMCC\Bin\..\lib\armlib\c_w.l(libinit2.o)(.ARM.Collect$$libinit$$00000021))

<P><STRONG><a name="[1fd]"></a>__rt_lib_init_fp_trap_1</STRONG> (Thumb, 0 bytes, Stack size unknown bytes, C:\Keil_v5\ARM\ARMCC\Bin\..\lib\armlib\c_w.l(libinit2.o)(.ARM.Collect$$libinit$$0000001F))

<P><STRONG><a name="[1fe]"></a>__rt_lib_init_getenv_1</STRONG> (Thumb, 0 bytes, Stack size unknown bytes, C:\Keil_v5\ARM\ARMCC\Bin\..\lib\armlib\c_w.l(libinit2.o)(.ARM.Collect$$libinit$$00000023))

<P><STRONG><a name="[1ff]"></a>__rt_lib_init_lc_numeric_1</STRONG> (Thumb, 0 bytes, Stack size unknown bytes, C:\Keil_v5\ARM\ARMCC\Bin\..\lib\armlib\c_w.l(libinit2.o)(.ARM.Collect$$libinit$$00000017))

<P><STRONG><a name="[200]"></a>__rt_lib_init_lc_time_1</STRONG> (Thumb, 0 bytes, Stack size unknown bytes, C:\Keil_v5\ARM\ARMCC\Bin\..\lib\armlib\c_w.l(libinit2.o)(.ARM.Collect$$libinit$$00000019))

<P><STRONG><a name="[201]"></a>__rt_lib_init_signal_1</STRONG> (Thumb, 0 bytes, Stack size unknown bytes, C:\Keil_v5\ARM\ARMCC\Bin\..\lib\armlib\c_w.l(libinit2.o)(.ARM.Collect$$libinit$$0000001D))

<P><STRONG><a name="[bf]"></a>__rt_lib_init_stdio_2</STRONG> (Thumb, 0 bytes, Stack size unknown bytes, C:\Keil_v5\ARM\ARMCC\Bin\..\lib\armlib\c_w.l(libinit2.o)(.ARM.Collect$$libinit$$00000024))
<BR><BR>[Stack]<UL><LI>Max Depth = 400 + Unknown Stack Size
<LI>Call Chain = __rt_lib_init_stdio_2 &rArr; _initio &rArr; freopen &rArr; _sys_open &rArr; mbed::FilePath::FilePath(const char*) &rArr; mbed::FileBase::lookup(const char*, unsigned) &rArr; SingletonPtr&lang;PlatformMutex&rang;::operator -&rang;() &rArr; mbed_assert_internal &rArr;  mbed_die (Cycle)
</UL>
<BR>[Calls]<UL><LI><a href="#[c0]">&gt;&gt;</a>&nbsp;&nbsp;&nbsp;_initio
</UL>

<P><STRONG><a name="[202]"></a>__rt_lib_init_alloca_1</STRONG> (Thumb, 0 bytes, Stack size unknown bytes, C:\Keil_v5\ARM\ARMCC\Bin\..\lib\armlib\c_w.l(libinit2.o)(.ARM.Collect$$libinit$$0000002E))

<P><STRONG><a name="[203]"></a>__rt_lib_init_argv_1</STRONG> (Thumb, 0 bytes, Stack size unknown bytes, C:\Keil_v5\ARM\ARMCC\Bin\..\lib\armlib\c_w.l(libinit2.o)(.ARM.Collect$$libinit$$0000002C))

<P><STRONG><a name="[c1]"></a>__rt_lib_init_cpp_2</STRONG> (Thumb, 0 bytes, Stack size unknown bytes, C:\Keil_v5\ARM\ARMCC\Bin\..\lib\armlib\c_w.l(libinit2.o)(.ARM.Collect$$libinit$$00000031))
<BR><BR>[Stack]<UL><LI>Max Depth = 16 + Unknown Stack Size
<LI>Call Chain = __rt_lib_init_cpp_2 &rArr; __cpp_initialize__aeabi_
</UL>
<BR>[Calls]<UL><LI><a href="#[8f]">&gt;&gt;</a>&nbsp;&nbsp;&nbsp;__cpp_initialize__aeabi_
</UL>

<P><STRONG><a name="[204]"></a>__rt_lib_init_exceptions_1</STRONG> (Thumb, 0 bytes, Stack size unknown bytes, C:\Keil_v5\ARM\ARMCC\Bin\..\lib\armlib\c_w.l(libinit2.o)(.ARM.Collect$$libinit$$00000030))

<P><STRONG><a name="[205]"></a>__rt_lib_init_stdio_1</STRONG> (Thumb, 0 bytes, Stack size unknown bytes, C:\Keil_v5\ARM\ARMCC\Bin\..\lib\armlib\c_w.l(libinit2.o)(.ARM.Collect$$libinit$$00000025))

<P><STRONG><a name="[206]"></a>__rt_lib_init_cpp_1</STRONG> (Thumb, 0 bytes, Stack size unknown bytes, C:\Keil_v5\ARM\ARMCC\Bin\..\lib\armlib\c_w.l(libinit2.o)(.ARM.Collect$$libinit$$00000032))

<P><STRONG><a name="[207]"></a>__rt_lib_init_return</STRONG> (Thumb, 0 bytes, Stack size unknown bytes, C:\Keil_v5\ARM\ARMCC\Bin\..\lib\armlib\c_w.l(libinit2.o)(.ARM.Collect$$libinit$$00000033))

<P><STRONG><a name="[91]"></a>__rt_entry</STRONG> (Thumb, 0 bytes, Stack size unknown bytes, C:\Keil_v5\ARM\ARMCC\Bin\..\lib\armlib\c_w.l(__rtentry.o)(.ARM.Collect$$rtentry$$00000000))
<BR><BR>[Called By]<UL><LI><a href="#[8e]">&gt;&gt;</a>&nbsp;&nbsp;&nbsp;__main
<LI><a href="#[92]">&gt;&gt;</a>&nbsp;&nbsp;&nbsp;__scatterload_rt2
</UL>

<P><STRONG><a name="[208]"></a>__rt_entry_presh_1</STRONG> (Thumb, 0 bytes, Stack size unknown bytes, C:\Keil_v5\ARM\ARMCC\Bin\..\lib\armlib\c_w.l(__rtentry2.o)(.ARM.Collect$$rtentry$$00000002))

<P><STRONG><a name="[c2]"></a>__rt_entry_sh</STRONG> (Thumb, 0 bytes, Stack size unknown bytes, C:\Keil_v5\ARM\ARMCC\Bin\..\lib\armlib\c_w.l(__rtentry4.o)(.ARM.Collect$$rtentry$$00000004))
<BR><BR>[Calls]<UL><LI><a href="#[c3]">&gt;&gt;</a>&nbsp;&nbsp;&nbsp;__user_setup_stackheap
</UL>

<P><STRONG><a name="[209]"></a>__rt_lib_shutdown_stdio_2</STRONG> (Thumb, 0 bytes, Stack size unknown bytes, C:\Keil_v5\ARM\ARMCC\Bin\..\lib\armlib\c_w.l(libshutdown2.o)(.ARM.Collect$$libshutdown$$00000006))

<P><STRONG><a name="[c4]"></a>__rt_entry_postsh_1</STRONG> (Thumb, 0 bytes, Stack size unknown bytes, C:\Keil_v5\ARM\ARMCC\Bin\..\lib\armlib\c_w.l(__rtentry2.o)(.ARM.Collect$$rtentry$$00000008))
<BR><BR>[Stack]<UL><LI>Max Depth = 96 + Unknown Stack Size
<LI>Call Chain = __rt_entry_postsh_1 &rArr; _platform_post_stackheap_init &rArr; mbed_sdk_init &rArr; HAL_Init &rArr; HAL_InitTick &rArr; __NVIC_SetVector &rArr; __aeabi_memcpy4
</UL>
<BR>[Calls]<UL><LI><a href="#[c5]">&gt;&gt;</a>&nbsp;&nbsp;&nbsp;_platform_post_stackheap_init
</UL>

<P><STRONG><a name="[c6]"></a>__rt_entry_li</STRONG> (Thumb, 0 bytes, Stack size unknown bytes, C:\Keil_v5\ARM\ARMCC\Bin\..\lib\armlib\c_w.l(__rtentry2.o)(.ARM.Collect$$rtentry$$0000000A))
<BR><BR>[Calls]<UL><LI><a href="#[c7]">&gt;&gt;</a>&nbsp;&nbsp;&nbsp;__rt_lib_init
</UL>

<P><STRONG><a name="[c8]"></a>__rt_entry_main</STRONG> (Thumb, 0 bytes, Stack size unknown bytes, C:\Keil_v5\ARM\ARMCC\Bin\..\lib\armlib\c_w.l(__rtentry2.o)(.ARM.Collect$$rtentry$$0000000D))
<BR><BR>[Stack]<UL><LI>Max Depth = 696 + Unknown Stack Size
<LI>Call Chain = __rt_entry_main &rArr; main &rArr; $Super$$main &rArr; LSM303AGRAccSensor::enable() &rArr; LSM303AGRAccSensor::set_x_odr_when_enabled(float) &rArr; LSM303AGR_ACC_W_ODR &rArr; LSM303AGR_ACC_write_reg &rArr; LSM303AGR_ACC_io_write &rArr; mbed::I2C::write(int, const char*, int, bool) &rArr; i2c_write &rArr; i2c_init &rArr; pinmap_merge &rArr; error &rArr; exit &rArr; mbed_die &rArr; gpio_init_out &rArr; gpio_mode &rArr; pin_mode &rArr; mbed_assert_internal &rArr;  mbed_die (Cycle)
</UL>
<BR>[Calls]<UL><LI><a href="#[ca]">&gt;&gt;</a>&nbsp;&nbsp;&nbsp;exit
<LI><a href="#[c9]">&gt;&gt;</a>&nbsp;&nbsp;&nbsp;main
</UL>

<P><STRONG><a name="[20a]"></a>__rt_entry_postli_1</STRONG> (Thumb, 0 bytes, Stack size unknown bytes, C:\Keil_v5\ARM\ARMCC\Bin\..\lib\armlib\c_w.l(__rtentry2.o)(.ARM.Collect$$rtentry$$0000000C))

<P><STRONG><a name="[c]"></a>Reset_Handler</STRONG> (Thumb, 8 bytes, Stack size 0 bytes, mbed/TARGET_NUCLEO_F411RE/TOOLCHAIN_ARM_STD/startup_stm32f411xe.o(.text))
<BR>[Address Reference Count : 1]<UL><LI> startup_stm32f411xe.o(RESET)
</UL>
<P><STRONG><a name="[20b]"></a>_maybe_terminate_alloc</STRONG> (Thumb, 0 bytes, Stack size 0 bytes, C:\Keil_v5\ARM\ARMCC\Bin\..\lib\armlib\c_w.l(maybetermalloc1.o)(.emb_text), UNUSED)

<P><STRONG><a name="[d]"></a>NMI_Handler</STRONG> (Thumb, 2 bytes, Stack size 0 bytes, mbed/TARGET_NUCLEO_F411RE/TOOLCHAIN_ARM_STD/startup_stm32f411xe.o(.text))
<BR><BR>[Calls]<UL><LI><a href="#[d]">&gt;&gt;</a>&nbsp;&nbsp;&nbsp;NMI_Handler
</UL>
<BR>[Called By]<UL><LI><a href="#[d]">&gt;&gt;</a>&nbsp;&nbsp;&nbsp;NMI_Handler
</UL>
<BR>[Address Reference Count : 1]<UL><LI> startup_stm32f411xe.o(RESET)
</UL>
<P><STRONG><a name="[e]"></a>HardFault_Handler</STRONG> (Thumb, 2 bytes, Stack size 0 bytes, mbed/TARGET_NUCLEO_F411RE/TOOLCHAIN_ARM_STD/startup_stm32f411xe.o(.text))
<BR><BR>[Calls]<UL><LI><a href="#[e]">&gt;&gt;</a>&nbsp;&nbsp;&nbsp;HardFault_Handler
</UL>
<BR>[Called By]<UL><LI><a href="#[e]">&gt;&gt;</a>&nbsp;&nbsp;&nbsp;HardFault_Handler
</UL>
<BR>[Address Reference Count : 1]<UL><LI> startup_stm32f411xe.o(RESET)
</UL>
<P><STRONG><a name="[f]"></a>MemManage_Handler</STRONG> (Thumb, 2 bytes, Stack size 0 bytes, mbed/TARGET_NUCLEO_F411RE/TOOLCHAIN_ARM_STD/startup_stm32f411xe.o(.text))
<BR><BR>[Calls]<UL><LI><a href="#[f]">&gt;&gt;</a>&nbsp;&nbsp;&nbsp;MemManage_Handler
</UL>
<BR>[Called By]<UL><LI><a href="#[f]">&gt;&gt;</a>&nbsp;&nbsp;&nbsp;MemManage_Handler
</UL>
<BR>[Address Reference Count : 1]<UL><LI> startup_stm32f411xe.o(RESET)
</UL>
<P><STRONG><a name="[10]"></a>BusFault_Handler</STRONG> (Thumb, 2 bytes, Stack size 0 bytes, mbed/TARGET_NUCLEO_F411RE/TOOLCHAIN_ARM_STD/startup_stm32f411xe.o(.text))
<BR><BR>[Calls]<UL><LI><a href="#[10]">&gt;&gt;</a>&nbsp;&nbsp;&nbsp;BusFault_Handler
</UL>
<BR>[Called By]<UL><LI><a href="#[10]">&gt;&gt;</a>&nbsp;&nbsp;&nbsp;BusFault_Handler
</UL>
<BR>[Address Reference Count : 1]<UL><LI> startup_stm32f411xe.o(RESET)
</UL>
<P><STRONG><a name="[11]"></a>UsageFault_Handler</STRONG> (Thumb, 2 bytes, Stack size 0 bytes, mbed/TARGET_NUCLEO_F411RE/TOOLCHAIN_ARM_STD/startup_stm32f411xe.o(.text))
<BR><BR>[Calls]<UL><LI><a href="#[11]">&gt;&gt;</a>&nbsp;&nbsp;&nbsp;UsageFault_Handler
</UL>
<BR>[Called By]<UL><LI><a href="#[11]">&gt;&gt;</a>&nbsp;&nbsp;&nbsp;UsageFault_Handler
</UL>
<BR>[Address Reference Count : 1]<UL><LI> startup_stm32f411xe.o(RESET)
</UL>
<P><STRONG><a name="[12]"></a>SVC_Handler</STRONG> (Thumb, 2 bytes, Stack size 0 bytes, mbed/TARGET_NUCLEO_F411RE/TOOLCHAIN_ARM_STD/startup_stm32f411xe.o(.text))
<BR><BR>[Calls]<UL><LI><a href="#[12]">&gt;&gt;</a>&nbsp;&nbsp;&nbsp;SVC_Handler
</UL>
<BR>[Called By]<UL><LI><a href="#[12]">&gt;&gt;</a>&nbsp;&nbsp;&nbsp;SVC_Handler
</UL>
<BR>[Address Reference Count : 1]<UL><LI> startup_stm32f411xe.o(RESET)
</UL>
<P><STRONG><a name="[13]"></a>DebugMon_Handler</STRONG> (Thumb, 2 bytes, Stack size 0 bytes, mbed/TARGET_NUCLEO_F411RE/TOOLCHAIN_ARM_STD/startup_stm32f411xe.o(.text))
<BR><BR>[Calls]<UL><LI><a href="#[13]">&gt;&gt;</a>&nbsp;&nbsp;&nbsp;DebugMon_Handler
</UL>
<BR>[Called By]<UL><LI><a href="#[13]">&gt;&gt;</a>&nbsp;&nbsp;&nbsp;DebugMon_Handler
</UL>
<BR>[Address Reference Count : 1]<UL><LI> startup_stm32f411xe.o(RESET)
</UL>
<P><STRONG><a name="[14]"></a>PendSV_Handler</STRONG> (Thumb, 2 bytes, Stack size 0 bytes, mbed/TARGET_NUCLEO_F411RE/TOOLCHAIN_ARM_STD/startup_stm32f411xe.o(.text))
<BR><BR>[Calls]<UL><LI><a href="#[14]">&gt;&gt;</a>&nbsp;&nbsp;&nbsp;PendSV_Handler
</UL>
<BR>[Called By]<UL><LI><a href="#[14]">&gt;&gt;</a>&nbsp;&nbsp;&nbsp;PendSV_Handler
</UL>
<BR>[Address Reference Count : 1]<UL><LI> startup_stm32f411xe.o(RESET)
</UL>
<P><STRONG><a name="[15]"></a>SysTick_Handler</STRONG> (Thumb, 2 bytes, Stack size 0 bytes, mbed/TARGET_NUCLEO_F411RE/TOOLCHAIN_ARM_STD/startup_stm32f411xe.o(.text))
<BR><BR>[Calls]<UL><LI><a href="#[15]">&gt;&gt;</a>&nbsp;&nbsp;&nbsp;SysTick_Handler
</UL>
<BR>[Called By]<UL><LI><a href="#[15]">&gt;&gt;</a>&nbsp;&nbsp;&nbsp;SysTick_Handler
</UL>
<BR>[Address Reference Count : 1]<UL><LI> startup_stm32f411xe.o(RESET)
</UL>
<P><STRONG><a name="[28]"></a>ADC_IRQHandler</STRONG> (Thumb, 0 bytes, Stack size 0 bytes, mbed/TARGET_NUCLEO_F411RE/TOOLCHAIN_ARM_STD/startup_stm32f411xe.o(.text))
<BR><BR>[Calls]<UL><LI><a href="#[28]">&gt;&gt;</a>&nbsp;&nbsp;&nbsp;ADC_IRQHandler
</UL>
<BR>[Called By]<UL><LI><a href="#[28]">&gt;&gt;</a>&nbsp;&nbsp;&nbsp;ADC_IRQHandler
</UL>
<BR>[Address Reference Count : 1]<UL><LI> startup_stm32f411xe.o(RESET)
</UL>
<P><STRONG><a name="[21]"></a>DMA1_Stream0_IRQHandler</STRONG> (Thumb, 0 bytes, Stack size 0 bytes, mbed/TARGET_NUCLEO_F411RE/TOOLCHAIN_ARM_STD/startup_stm32f411xe.o(.text))
<BR>[Address Reference Count : 1]<UL><LI> startup_stm32f411xe.o(RESET)
</UL>
<P><STRONG><a name="[22]"></a>DMA1_Stream1_IRQHandler</STRONG> (Thumb, 0 bytes, Stack size 0 bytes, mbed/TARGET_NUCLEO_F411RE/TOOLCHAIN_ARM_STD/startup_stm32f411xe.o(.text))
<BR>[Address Reference Count : 1]<UL><LI> startup_stm32f411xe.o(RESET)
</UL>
<P><STRONG><a name="[23]"></a>DMA1_Stream2_IRQHandler</STRONG> (Thumb, 0 bytes, Stack size 0 bytes, mbed/TARGET_NUCLEO_F411RE/TOOLCHAIN_ARM_STD/startup_stm32f411xe.o(.text))
<BR>[Address Reference Count : 1]<UL><LI> startup_stm32f411xe.o(RESET)
</UL>
<P><STRONG><a name="[24]"></a>DMA1_Stream3_IRQHandler</STRONG> (Thumb, 0 bytes, Stack size 0 bytes, mbed/TARGET_NUCLEO_F411RE/TOOLCHAIN_ARM_STD/startup_stm32f411xe.o(.text))
<BR>[Address Reference Count : 1]<UL><LI> startup_stm32f411xe.o(RESET)
</UL>
<P><STRONG><a name="[25]"></a>DMA1_Stream4_IRQHandler</STRONG> (Thumb, 0 bytes, Stack size 0 bytes, mbed/TARGET_NUCLEO_F411RE/TOOLCHAIN_ARM_STD/startup_stm32f411xe.o(.text))
<BR>[Address Reference Count : 1]<UL><LI> startup_stm32f411xe.o(RESET)
</UL>
<P><STRONG><a name="[26]"></a>DMA1_Stream5_IRQHandler</STRONG> (Thumb, 0 bytes, Stack size 0 bytes, mbed/TARGET_NUCLEO_F411RE/TOOLCHAIN_ARM_STD/startup_stm32f411xe.o(.text))
<BR>[Address Reference Count : 1]<UL><LI> startup_stm32f411xe.o(RESET)
</UL>
<P><STRONG><a name="[27]"></a>DMA1_Stream6_IRQHandler</STRONG> (Thumb, 0 bytes, Stack size 0 bytes, mbed/TARGET_NUCLEO_F411RE/TOOLCHAIN_ARM_STD/startup_stm32f411xe.o(.text))
<BR>[Address Reference Count : 1]<UL><LI> startup_stm32f411xe.o(RESET)
</UL>
<P><STRONG><a name="[3c]"></a>DMA1_Stream7_IRQHandler</STRONG> (Thumb, 0 bytes, Stack size 0 bytes, mbed/TARGET_NUCLEO_F411RE/TOOLCHAIN_ARM_STD/startup_stm32f411xe.o(.text))
<BR>[Address Reference Count : 1]<UL><LI> startup_stm32f411xe.o(RESET)
</UL>
<P><STRONG><a name="[40]"></a>DMA2_Stream0_IRQHandler</STRONG> (Thumb, 0 bytes, Stack size 0 bytes, mbed/TARGET_NUCLEO_F411RE/TOOLCHAIN_ARM_STD/startup_stm32f411xe.o(.text))
<BR>[Address Reference Count : 1]<UL><LI> startup_stm32f411xe.o(RESET)
</UL>
<P><STRONG><a name="[41]"></a>DMA2_Stream1_IRQHandler</STRONG> (Thumb, 0 bytes, Stack size 0 bytes, mbed/TARGET_NUCLEO_F411RE/TOOLCHAIN_ARM_STD/startup_stm32f411xe.o(.text))
<BR>[Address Reference Count : 1]<UL><LI> startup_stm32f411xe.o(RESET)
</UL>
<P><STRONG><a name="[42]"></a>DMA2_Stream2_IRQHandler</STRONG> (Thumb, 0 bytes, Stack size 0 bytes, mbed/TARGET_NUCLEO_F411RE/TOOLCHAIN_ARM_STD/startup_stm32f411xe.o(.text))
<BR>[Address Reference Count : 1]<UL><LI> startup_stm32f411xe.o(RESET)
</UL>
<P><STRONG><a name="[43]"></a>DMA2_Stream3_IRQHandler</STRONG> (Thumb, 0 bytes, Stack size 0 bytes, mbed/TARGET_NUCLEO_F411RE/TOOLCHAIN_ARM_STD/startup_stm32f411xe.o(.text))
<BR>[Address Reference Count : 1]<UL><LI> startup_stm32f411xe.o(RESET)
</UL>
<P><STRONG><a name="[44]"></a>DMA2_Stream4_IRQHandler</STRONG> (Thumb, 0 bytes, Stack size 0 bytes, mbed/TARGET_NUCLEO_F411RE/TOOLCHAIN_ARM_STD/startup_stm32f411xe.o(.text))
<BR>[Address Reference Count : 1]<UL><LI> startup_stm32f411xe.o(RESET)
</UL>
<P><STRONG><a name="[46]"></a>DMA2_Stream5_IRQHandler</STRONG> (Thumb, 0 bytes, Stack size 0 bytes, mbed/TARGET_NUCLEO_F411RE/TOOLCHAIN_ARM_STD/startup_stm32f411xe.o(.text))
<BR>[Address Reference Count : 1]<UL><LI> startup_stm32f411xe.o(RESET)
</UL>
<P><STRONG><a name="[47]"></a>DMA2_Stream6_IRQHandler</STRONG> (Thumb, 0 bytes, Stack size 0 bytes, mbed/TARGET_NUCLEO_F411RE/TOOLCHAIN_ARM_STD/startup_stm32f411xe.o(.text))
<BR>[Address Reference Count : 1]<UL><LI> startup_stm32f411xe.o(RESET)
</UL>
<P><STRONG><a name="[48]"></a>DMA2_Stream7_IRQHandler</STRONG> (Thumb, 0 bytes, Stack size 0 bytes, mbed/TARGET_NUCLEO_F411RE/TOOLCHAIN_ARM_STD/startup_stm32f411xe.o(.text))
<BR>[Address Reference Count : 1]<UL><LI> startup_stm32f411xe.o(RESET)
</UL>
<P><STRONG><a name="[1c]"></a>EXTI0_IRQHandler</STRONG> (Thumb, 0 bytes, Stack size 0 bytes, mbed/TARGET_NUCLEO_F411RE/TOOLCHAIN_ARM_STD/startup_stm32f411xe.o(.text))
<BR>[Address Reference Count : 1]<UL><LI> startup_stm32f411xe.o(RESET)
</UL>
<P><STRONG><a name="[39]"></a>EXTI15_10_IRQHandler</STRONG> (Thumb, 0 bytes, Stack size 0 bytes, mbed/TARGET_NUCLEO_F411RE/TOOLCHAIN_ARM_STD/startup_stm32f411xe.o(.text))
<BR>[Address Reference Count : 1]<UL><LI> startup_stm32f411xe.o(RESET)
</UL>
<P><STRONG><a name="[1d]"></a>EXTI1_IRQHandler</STRONG> (Thumb, 0 bytes, Stack size 0 bytes, mbed/TARGET_NUCLEO_F411RE/TOOLCHAIN_ARM_STD/startup_stm32f411xe.o(.text))
<BR>[Address Reference Count : 1]<UL><LI> startup_stm32f411xe.o(RESET)
</UL>
<P><STRONG><a name="[1e]"></a>EXTI2_IRQHandler</STRONG> (Thumb, 0 bytes, Stack size 0 bytes, mbed/TARGET_NUCLEO_F411RE/TOOLCHAIN_ARM_STD/startup_stm32f411xe.o(.text))
<BR>[Address Reference Count : 1]<UL><LI> startup_stm32f411xe.o(RESET)
</UL>
<P><STRONG><a name="[1f]"></a>EXTI3_IRQHandler</STRONG> (Thumb, 0 bytes, Stack size 0 bytes, mbed/TARGET_NUCLEO_F411RE/TOOLCHAIN_ARM_STD/startup_stm32f411xe.o(.text))
<BR>[Address Reference Count : 1]<UL><LI> startup_stm32f411xe.o(RESET)
</UL>
<P><STRONG><a name="[20]"></a>EXTI4_IRQHandler</STRONG> (Thumb, 0 bytes, Stack size 0 bytes, mbed/TARGET_NUCLEO_F411RE/TOOLCHAIN_ARM_STD/startup_stm32f411xe.o(.text))
<BR>[Address Reference Count : 1]<UL><LI> startup_stm32f411xe.o(RESET)
</UL>
<P><STRONG><a name="[29]"></a>EXTI9_5_IRQHandler</STRONG> (Thumb, 0 bytes, Stack size 0 bytes, mbed/TARGET_NUCLEO_F411RE/TOOLCHAIN_ARM_STD/startup_stm32f411xe.o(.text))
<BR>[Address Reference Count : 1]<UL><LI> startup_stm32f411xe.o(RESET)
</UL>
<P><STRONG><a name="[1a]"></a>FLASH_IRQHandler</STRONG> (Thumb, 0 bytes, Stack size 0 bytes, mbed/TARGET_NUCLEO_F411RE/TOOLCHAIN_ARM_STD/startup_stm32f411xe.o(.text))
<BR>[Address Reference Count : 1]<UL><LI> startup_stm32f411xe.o(RESET)
</UL>
<P><STRONG><a name="[4c]"></a>FPU_IRQHandler</STRONG> (Thumb, 0 bytes, Stack size 0 bytes, mbed/TARGET_NUCLEO_F411RE/TOOLCHAIN_ARM_STD/startup_stm32f411xe.o(.text))
<BR>[Address Reference Count : 1]<UL><LI> startup_stm32f411xe.o(RESET)
</UL>
<P><STRONG><a name="[32]"></a>I2C1_ER_IRQHandler</STRONG> (Thumb, 0 bytes, Stack size 0 bytes, mbed/TARGET_NUCLEO_F411RE/TOOLCHAIN_ARM_STD/startup_stm32f411xe.o(.text))
<BR>[Address Reference Count : 1]<UL><LI> startup_stm32f411xe.o(RESET)
</UL>
<P><STRONG><a name="[31]"></a>I2C1_EV_IRQHandler</STRONG> (Thumb, 0 bytes, Stack size 0 bytes, mbed/TARGET_NUCLEO_F411RE/TOOLCHAIN_ARM_STD/startup_stm32f411xe.o(.text))
<BR>[Address Reference Count : 1]<UL><LI> startup_stm32f411xe.o(RESET)
</UL>
<P><STRONG><a name="[34]"></a>I2C2_ER_IRQHandler</STRONG> (Thumb, 0 bytes, Stack size 0 bytes, mbed/TARGET_NUCLEO_F411RE/TOOLCHAIN_ARM_STD/startup_stm32f411xe.o(.text))
<BR>[Address Reference Count : 1]<UL><LI> startup_stm32f411xe.o(RESET)
</UL>
<P><STRONG><a name="[33]"></a>I2C2_EV_IRQHandler</STRONG> (Thumb, 0 bytes, Stack size 0 bytes, mbed/TARGET_NUCLEO_F411RE/TOOLCHAIN_ARM_STD/startup_stm32f411xe.o(.text))
<BR>[Address Reference Count : 1]<UL><LI> startup_stm32f411xe.o(RESET)
</UL>
<P><STRONG><a name="[4b]"></a>I2C3_ER_IRQHandler</STRONG> (Thumb, 0 bytes, Stack size 0 bytes, mbed/TARGET_NUCLEO_F411RE/TOOLCHAIN_ARM_STD/startup_stm32f411xe.o(.text))
<BR>[Address Reference Count : 1]<UL><LI> startup_stm32f411xe.o(RESET)
</UL>
<P><STRONG><a name="[4a]"></a>I2C3_EV_IRQHandler</STRONG> (Thumb, 0 bytes, Stack size 0 bytes, mbed/TARGET_NUCLEO_F411RE/TOOLCHAIN_ARM_STD/startup_stm32f411xe.o(.text))
<BR>[Address Reference Count : 1]<UL><LI> startup_stm32f411xe.o(RESET)
</UL>
<P><STRONG><a name="[45]"></a>OTG_FS_IRQHandler</STRONG> (Thumb, 0 bytes, Stack size 0 bytes, mbed/TARGET_NUCLEO_F411RE/TOOLCHAIN_ARM_STD/startup_stm32f411xe.o(.text))
<BR>[Address Reference Count : 1]<UL><LI> startup_stm32f411xe.o(RESET)
</UL>
<P><STRONG><a name="[3b]"></a>OTG_FS_WKUP_IRQHandler</STRONG> (Thumb, 0 bytes, Stack size 0 bytes, mbed/TARGET_NUCLEO_F411RE/TOOLCHAIN_ARM_STD/startup_stm32f411xe.o(.text))
<BR>[Address Reference Count : 1]<UL><LI> startup_stm32f411xe.o(RESET)
</UL>
<P><STRONG><a name="[17]"></a>PVD_IRQHandler</STRONG> (Thumb, 0 bytes, Stack size 0 bytes, mbed/TARGET_NUCLEO_F411RE/TOOLCHAIN_ARM_STD/startup_stm32f411xe.o(.text))
<BR>[Address Reference Count : 1]<UL><LI> startup_stm32f411xe.o(RESET)
</UL>
<P><STRONG><a name="[1b]"></a>RCC_IRQHandler</STRONG> (Thumb, 0 bytes, Stack size 0 bytes, mbed/TARGET_NUCLEO_F411RE/TOOLCHAIN_ARM_STD/startup_stm32f411xe.o(.text))
<BR>[Address Reference Count : 1]<UL><LI> startup_stm32f411xe.o(RESET)
</UL>
<P><STRONG><a name="[3a]"></a>RTC_Alarm_IRQHandler</STRONG> (Thumb, 0 bytes, Stack size 0 bytes, mbed/TARGET_NUCLEO_F411RE/TOOLCHAIN_ARM_STD/startup_stm32f411xe.o(.text))
<BR>[Address Reference Count : 1]<UL><LI> startup_stm32f411xe.o(RESET)
</UL>
<P><STRONG><a name="[19]"></a>RTC_WKUP_IRQHandler</STRONG> (Thumb, 0 bytes, Stack size 0 bytes, mbed/TARGET_NUCLEO_F411RE/TOOLCHAIN_ARM_STD/startup_stm32f411xe.o(.text))
<BR>[Address Reference Count : 1]<UL><LI> startup_stm32f411xe.o(RESET)
</UL>
<P><STRONG><a name="[3d]"></a>SDIO_IRQHandler</STRONG> (Thumb, 0 bytes, Stack size 0 bytes, mbed/TARGET_NUCLEO_F411RE/TOOLCHAIN_ARM_STD/startup_stm32f411xe.o(.text))
<BR>[Address Reference Count : 1]<UL><LI> startup_stm32f411xe.o(RESET)
</UL>
<P><STRONG><a name="[35]"></a>SPI1_IRQHandler</STRONG> (Thumb, 0 bytes, Stack size 0 bytes, mbed/TARGET_NUCLEO_F411RE/TOOLCHAIN_ARM_STD/startup_stm32f411xe.o(.text))
<BR>[Address Reference Count : 1]<UL><LI> startup_stm32f411xe.o(RESET)
</UL>
<P><STRONG><a name="[36]"></a>SPI2_IRQHandler</STRONG> (Thumb, 0 bytes, Stack size 0 bytes, mbed/TARGET_NUCLEO_F411RE/TOOLCHAIN_ARM_STD/startup_stm32f411xe.o(.text))
<BR>[Address Reference Count : 1]<UL><LI> startup_stm32f411xe.o(RESET)
</UL>
<P><STRONG><a name="[3f]"></a>SPI3_IRQHandler</STRONG> (Thumb, 0 bytes, Stack size 0 bytes, mbed/TARGET_NUCLEO_F411RE/TOOLCHAIN_ARM_STD/startup_stm32f411xe.o(.text))
<BR>[Address Reference Count : 1]<UL><LI> startup_stm32f411xe.o(RESET)
</UL>
<P><STRONG><a name="[4d]"></a>SPI4_IRQHandler</STRONG> (Thumb, 0 bytes, Stack size 0 bytes, mbed/TARGET_NUCLEO_F411RE/TOOLCHAIN_ARM_STD/startup_stm32f411xe.o(.text))
<BR>[Address Reference Count : 1]<UL><LI> startup_stm32f411xe.o(RESET)
</UL>
<P><STRONG><a name="[4e]"></a>SPI5_IRQHandler</STRONG> (Thumb, 0 bytes, Stack size 0 bytes, mbed/TARGET_NUCLEO_F411RE/TOOLCHAIN_ARM_STD/startup_stm32f411xe.o(.text))
<BR>[Address Reference Count : 1]<UL><LI> startup_stm32f411xe.o(RESET)
</UL>
<P><STRONG><a name="[18]"></a>TAMP_STAMP_IRQHandler</STRONG> (Thumb, 0 bytes, Stack size 0 bytes, mbed/TARGET_NUCLEO_F411RE/TOOLCHAIN_ARM_STD/startup_stm32f411xe.o(.text))
<BR>[Address Reference Count : 1]<UL><LI> startup_stm32f411xe.o(RESET)
</UL>
<P><STRONG><a name="[2a]"></a>TIM1_BRK_TIM9_IRQHandler</STRONG> (Thumb, 0 bytes, Stack size 0 bytes, mbed/TARGET_NUCLEO_F411RE/TOOLCHAIN_ARM_STD/startup_stm32f411xe.o(.text))
<BR>[Address Reference Count : 1]<UL><LI> startup_stm32f411xe.o(RESET)
</UL>
<P><STRONG><a name="[2d]"></a>TIM1_CC_IRQHandler</STRONG> (Thumb, 0 bytes, Stack size 0 bytes, mbed/TARGET_NUCLEO_F411RE/TOOLCHAIN_ARM_STD/startup_stm32f411xe.o(.text))
<BR>[Address Reference Count : 1]<UL><LI> startup_stm32f411xe.o(RESET)
</UL>
<P><STRONG><a name="[2c]"></a>TIM1_TRG_COM_TIM11_IRQHandler</STRONG> (Thumb, 0 bytes, Stack size 0 bytes, mbed/TARGET_NUCLEO_F411RE/TOOLCHAIN_ARM_STD/startup_stm32f411xe.o(.text))
<BR>[Address Reference Count : 1]<UL><LI> startup_stm32f411xe.o(RESET)
</UL>
<P><STRONG><a name="[2b]"></a>TIM1_UP_TIM10_IRQHandler</STRONG> (Thumb, 0 bytes, Stack size 0 bytes, mbed/TARGET_NUCLEO_F411RE/TOOLCHAIN_ARM_STD/startup_stm32f411xe.o(.text))
<BR>[Address Reference Count : 1]<UL><LI> startup_stm32f411xe.o(RESET)
</UL>
<P><STRONG><a name="[2e]"></a>TIM2_IRQHandler</STRONG> (Thumb, 0 bytes, Stack size 0 bytes, mbed/TARGET_NUCLEO_F411RE/TOOLCHAIN_ARM_STD/startup_stm32f411xe.o(.text))
<BR>[Address Reference Count : 1]<UL><LI> startup_stm32f411xe.o(RESET)
</UL>
<P><STRONG><a name="[2f]"></a>TIM3_IRQHandler</STRONG> (Thumb, 0 bytes, Stack size 0 bytes, mbed/TARGET_NUCLEO_F411RE/TOOLCHAIN_ARM_STD/startup_stm32f411xe.o(.text))
<BR>[Address Reference Count : 1]<UL><LI> startup_stm32f411xe.o(RESET)
</UL>
<P><STRONG><a name="[30]"></a>TIM4_IRQHandler</STRONG> (Thumb, 0 bytes, Stack size 0 bytes, mbed/TARGET_NUCLEO_F411RE/TOOLCHAIN_ARM_STD/startup_stm32f411xe.o(.text))
<BR>[Address Reference Count : 1]<UL><LI> startup_stm32f411xe.o(RESET)
</UL>
<P><STRONG><a name="[3e]"></a>TIM5_IRQHandler</STRONG> (Thumb, 0 bytes, Stack size 0 bytes, mbed/TARGET_NUCLEO_F411RE/TOOLCHAIN_ARM_STD/startup_stm32f411xe.o(.text))
<BR>[Address Reference Count : 1]<UL><LI> startup_stm32f411xe.o(RESET)
</UL>
<P><STRONG><a name="[37]"></a>USART1_IRQHandler</STRONG> (Thumb, 0 bytes, Stack size 0 bytes, mbed/TARGET_NUCLEO_F411RE/TOOLCHAIN_ARM_STD/startup_stm32f411xe.o(.text))
<BR>[Address Reference Count : 1]<UL><LI> startup_stm32f411xe.o(RESET)
</UL>
<P><STRONG><a name="[38]"></a>USART2_IRQHandler</STRONG> (Thumb, 0 bytes, Stack size 0 bytes, mbed/TARGET_NUCLEO_F411RE/TOOLCHAIN_ARM_STD/startup_stm32f411xe.o(.text))
<BR>[Address Reference Count : 1]<UL><LI> startup_stm32f411xe.o(RESET)
</UL>
<P><STRONG><a name="[49]"></a>USART6_IRQHandler</STRONG> (Thumb, 0 bytes, Stack size 0 bytes, mbed/TARGET_NUCLEO_F411RE/TOOLCHAIN_ARM_STD/startup_stm32f411xe.o(.text))
<BR>[Address Reference Count : 1]<UL><LI> startup_stm32f411xe.o(RESET)
</UL>
<P><STRONG><a name="[16]"></a>WWDG_IRQHandler</STRONG> (Thumb, 0 bytes, Stack size 0 bytes, mbed/TARGET_NUCLEO_F411RE/TOOLCHAIN_ARM_STD/startup_stm32f411xe.o(.text))
<BR>[Address Reference Count : 1]<UL><LI> startup_stm32f411xe.o(RESET)
</UL>
<P><STRONG><a name="[cb]"></a>malloc</STRONG> (Thumb, 94 bytes, Stack size 16 bytes, C:\Keil_v5\ARM\ARMCC\Bin\..\lib\armlib\c_w.l(h1_alloc.o)(.text))
<BR><BR>[Stack]<UL><LI>Max Depth = 48<LI>Call Chain = malloc &rArr; __Heap_Full &rArr; __Heap_ProvideMemory &rArr; free
</UL>
<BR>[Calls]<UL><LI><a href="#[cd]">&gt;&gt;</a>&nbsp;&nbsp;&nbsp;__Heap_Full
<LI><a href="#[cc]">&gt;&gt;</a>&nbsp;&nbsp;&nbsp;__rt_heap_descriptor
</UL>
<BR>[Called By]<UL><LI><a href="#[1b0]">&gt;&gt;</a>&nbsp;&nbsp;&nbsp;operator new(unsigned)
<LI><a href="#[116]">&gt;&gt;</a>&nbsp;&nbsp;&nbsp;fopen
<LI><a href="#[11c]">&gt;&gt;</a>&nbsp;&nbsp;&nbsp;__flsbuf
</UL>

<P><STRONG><a name="[ce]"></a>free</STRONG> (Thumb, 78 bytes, Stack size 16 bytes, C:\Keil_v5\ARM\ARMCC\Bin\..\lib\armlib\c_w.l(h1_free.o)(.text))
<BR><BR>[Stack]<UL><LI>Max Depth = 16<LI>Call Chain = free
</UL>
<BR>[Calls]<UL><LI><a href="#[cc]">&gt;&gt;</a>&nbsp;&nbsp;&nbsp;__rt_heap_descriptor
</UL>
<BR>[Called By]<UL><LI><a href="#[106]">&gt;&gt;</a>&nbsp;&nbsp;&nbsp;_fclose_internal
<LI><a href="#[ed]">&gt;&gt;</a>&nbsp;&nbsp;&nbsp;__Heap_ProvideMemory
<LI><a href="#[105]">&gt;&gt;</a>&nbsp;&nbsp;&nbsp;_terminateio
</UL>

<P><STRONG><a name="[172]"></a>__aeabi_ldivmod</STRONG> (Thumb, 0 bytes, Stack size 8 bytes, C:\Keil_v5\ARM\ARMCC\Bin\..\lib\armlib\c_w.l(llsdiv.o)(.text))
<BR><BR>[Stack]<UL><LI>Max Depth = 8<LI>Call Chain = __aeabi_ldivmod
</UL>
<BR>[Called By]<UL><LI><a href="#[16d]">&gt;&gt;</a>&nbsp;&nbsp;&nbsp;LSM303AGR_ACC_Get_Acceleration
</UL>

<P><STRONG><a name="[cf]"></a>_ll_sdiv</STRONG> (Thumb, 72 bytes, Stack size 8 bytes, C:\Keil_v5\ARM\ARMCC\Bin\..\lib\armlib\c_w.l(llsdiv.o)(.text), UNUSED)
<BR><BR>[Calls]<UL><LI><a href="#[d0]">&gt;&gt;</a>&nbsp;&nbsp;&nbsp;__aeabi_uldivmod
</UL>

<P><STRONG><a name="[d1]"></a>vsprintf</STRONG> (Thumb, 32 bytes, Stack size 16 bytes, C:\Keil_v5\ARM\ARMCC\Bin\..\lib\armlib\c_w.l(vsprintf.o)(.text))
<BR><BR>[Stack]<UL><LI>Max Depth = 120 + Unknown Stack Size
<LI>Call Chain = vsprintf &rArr; _printf_char_common &rArr; __printf
</UL>
<BR>[Calls]<UL><LI><a href="#[51]">&gt;&gt;</a>&nbsp;&nbsp;&nbsp;_sputc
<LI><a href="#[d2]">&gt;&gt;</a>&nbsp;&nbsp;&nbsp;_printf_char_common
</UL>
<BR>[Called By]<UL><LI><a href="#[1d5]">&gt;&gt;</a>&nbsp;&nbsp;&nbsp;mbed_error_vfprintf
<LI><a href="#[1e7]">&gt;&gt;</a>&nbsp;&nbsp;&nbsp;mbed_error_printf
</UL>

<P><STRONG><a name="[d3]"></a>__2printf</STRONG> (Thumb, 20 bytes, Stack size 24 bytes, C:\Keil_v5\ARM\ARMCC\Bin\..\lib\armlib\c_w.l(__2printf.o)(.text))
<BR><BR>[Stack]<UL><LI>Max Depth = 144 + Unknown Stack Size
<LI>Call Chain = __2printf &rArr; _printf_char_file &rArr; _printf_char_common &rArr; __printf
</UL>
<BR>[Calls]<UL><LI><a href="#[d4]">&gt;&gt;</a>&nbsp;&nbsp;&nbsp;_printf_char_file
</UL>
<BR>[Called By]<UL><LI><a href="#[126]">&gt;&gt;</a>&nbsp;&nbsp;&nbsp;$Super$$main
<LI><a href="#[156]">&gt;&gt;</a>&nbsp;&nbsp;&nbsp;HTS221_assert_failed
</UL>

<P><STRONG><a name="[d5]"></a>_printf_str</STRONG> (Thumb, 82 bytes, Stack size 16 bytes, C:\Keil_v5\ARM\ARMCC\Bin\..\lib\armlib\c_w.l(_printf_str.o)(.text))
<BR><BR>[Stack]<UL><LI>Max Depth = 32<LI>Call Chain = _printf_str &rArr; _printf_post_padding
</UL>
<BR>[Calls]<UL><LI><a href="#[d7]">&gt;&gt;</a>&nbsp;&nbsp;&nbsp;_printf_post_padding
<LI><a href="#[d6]">&gt;&gt;</a>&nbsp;&nbsp;&nbsp;_printf_pre_padding
</UL>
<BR>[Called By]<UL><LI><a href="#[f2]">&gt;&gt;</a>&nbsp;&nbsp;&nbsp;_printf_cs_common
</UL>

<P><STRONG><a name="[9f]"></a>_printf_int_dec</STRONG> (Thumb, 104 bytes, Stack size 24 bytes, C:\Keil_v5\ARM\ARMCC\Bin\..\lib\armlib\c_w.l(_printf_dec.o)(.text))
<BR><BR>[Stack]<UL><LI>Max Depth = 72<LI>Call Chain = _printf_int_dec &rArr; _printf_int_common &rArr; _printf_post_padding
</UL>
<BR>[Calls]<UL><LI><a href="#[da]">&gt;&gt;</a>&nbsp;&nbsp;&nbsp;_printf_int_common
<LI><a href="#[d9]">&gt;&gt;</a>&nbsp;&nbsp;&nbsp;_printf_truncate_unsigned
<LI><a href="#[d8]">&gt;&gt;</a>&nbsp;&nbsp;&nbsp;_printf_truncate_signed
</UL>
<BR>[Called By]<UL><LI><a href="#[a0]">&gt;&gt;</a>&nbsp;&nbsp;&nbsp;_printf_d
<LI><a href="#[9e]">&gt;&gt;</a>&nbsp;&nbsp;&nbsp;_printf_i
<LI><a href="#[a1]">&gt;&gt;</a>&nbsp;&nbsp;&nbsp;_printf_u
</UL>

<P><STRONG><a name="[db]"></a>_printf_longlong_hex</STRONG> (Thumb, 86 bytes, Stack size 16 bytes, C:\Keil_v5\ARM\ARMCC\Bin\..\lib\armlib\c_w.l(_printf_hex_int_ll_ptr.o)(.text))
<BR><BR>[Stack]<UL><LI>Max Depth = 64<LI>Call Chain = _printf_longlong_hex &rArr; _printf_int_common &rArr; _printf_post_padding
</UL>
<BR>[Calls]<UL><LI><a href="#[da]">&gt;&gt;</a>&nbsp;&nbsp;&nbsp;_printf_int_common
</UL>
<BR>[Called By]<UL><LI><a href="#[97]">&gt;&gt;</a>&nbsp;&nbsp;&nbsp;_printf_hex_ptr
<LI><a href="#[ad]">&gt;&gt;</a>&nbsp;&nbsp;&nbsp;_printf_ll_hex
<LI><a href="#[a5]">&gt;&gt;</a>&nbsp;&nbsp;&nbsp;_printf_int_hex
</UL>

<P><STRONG><a name="[a5]"></a>_printf_int_hex</STRONG> (Thumb, 28 bytes, Stack size 16 bytes, C:\Keil_v5\ARM\ARMCC\Bin\..\lib\armlib\c_w.l(_printf_hex_int_ll_ptr.o)(.text))
<BR><BR>[Stack]<UL><LI>Max Depth = 80<LI>Call Chain = _printf_int_hex &rArr; _printf_longlong_hex &rArr; _printf_int_common &rArr; _printf_post_padding
</UL>
<BR>[Calls]<UL><LI><a href="#[db]">&gt;&gt;</a>&nbsp;&nbsp;&nbsp;_printf_longlong_hex
<LI><a href="#[d9]">&gt;&gt;</a>&nbsp;&nbsp;&nbsp;_printf_truncate_unsigned
</UL>
<BR>[Called By]<UL><LI><a href="#[a4]">&gt;&gt;</a>&nbsp;&nbsp;&nbsp;_printf_x
</UL>

<P><STRONG><a name="[ad]"></a>_printf_ll_hex</STRONG> (Thumb, 12 bytes, Stack size 0 bytes, C:\Keil_v5\ARM\ARMCC\Bin\..\lib\armlib\c_w.l(_printf_hex_int_ll_ptr.o)(.text))
<BR><BR>[Stack]<UL><LI>Max Depth = 64<LI>Call Chain = _printf_ll_hex &rArr; _printf_longlong_hex &rArr; _printf_int_common &rArr; _printf_post_padding
</UL>
[...]
</UL>
<P><STRONG><a name="[6b]"></a>us_ticker_disable_interrupt</STRONG> (Thumb, 16 bytes, Stack size 0 bytes, mbed/TARGET_NUCLEO_F411RE/TOOLCHAIN_ARM_STD/us_ticker_32b.o(i.us_ticker_disable_interrupt))
<BR>[Address Reference Count : 1]<UL><LI> mbed_us_ticker_api.o(.constdata)
</UL>
<P><STRONG><a name="[69]"></a>us_ticker_init</STRONG> (Thumb, 26 bytes, Stack size 0 bytes, mbed/TARGET_NUCLEO_F411RE/TOOLCHAIN_ARM_STD/us_ticker_32b.o(i.us_ticker_init))
<BR><BR>[Stack]<UL><LI>Max Depth = 72<LI>Call Chain = us_ticker_init &rArr; HAL_InitTick &rArr; __NVIC_SetVector &rArr; __aeabi_memcpy4
</UL>
<BR>[Calls]<UL><LI><a href="#[140]">&gt;&gt;</a>&nbsp;&nbsp;&nbsp;HAL_InitTick
</UL>
<BR>[Address Reference Count : 1]<UL><LI> mbed_us_ticker_api.o(.constdata)
</UL>
<P><STRONG><a name="[1eb]"></a>us_ticker_irq_handler</STRONG> (Thumb, 6 bytes, Stack size 0 bytes, mbed/TARGET_NUCLEO_F411RE/TOOLCHAIN_ARM_STD/mbed.ar(mbed_us_ticker_api.o)(i.us_ticker_irq_handler))
<BR><BR>[Stack]<UL><LI>Max Depth = 8<LI>Call Chain = us_ticker_irq_handler &rArr; ticker_irq_handler
</UL>
<BR>[Calls]<UL><LI><a href="#[1ed]">&gt;&gt;</a>&nbsp;&nbsp;&nbsp;ticker_irq_handler
</UL>
<BR>[Called By]<UL><LI><a href="#[5d]">&gt;&gt;</a>&nbsp;&nbsp;&nbsp;timer_irq_handler
</UL>

<P><STRONG><a name="[6a]"></a>us_ticker_read</STRONG> (Thumb, 30 bytes, Stack size 8 bytes, mbed/TARGET_NUCLEO_F411RE/TOOLCHAIN_ARM_STD/us_ticker_32b.o(i.us_ticker_read))
<BR><BR>[Stack]<UL><LI>Max Depth = 80<LI>Call Chain = us_ticker_read &rArr; HAL_InitTick &rArr; __NVIC_SetVector &rArr; __aeabi_memcpy4
</UL>
<BR>[Calls]<UL><LI><a href="#[140]">&gt;&gt;</a>&nbsp;&nbsp;&nbsp;HAL_InitTick
</UL>
<BR>[Called By]<UL><LI><a href="#[1e8]">&gt;&gt;</a>&nbsp;&nbsp;&nbsp;wait_ms
<LI><a href="#[1e3]">&gt;&gt;</a>&nbsp;&nbsp;&nbsp;wait_us
<LI><a href="#[1e6]">&gt;&gt;</a>&nbsp;&nbsp;&nbsp;wait
</UL>
<BR>[Address Reference Count : 1]<UL><LI> mbed_us_ticker_api.o(.constdata)
</UL>
<P><STRONG><a name="[6d]"></a>us_ticker_set_interrupt</STRONG> (Thumb, 18 bytes, Stack size 0 bytes, mbed/TARGET_NUCLEO_F411RE/TOOLCHAIN_ARM_STD/us_ticker_32b.o(i.us_ticker_set_interrupt))
<BR>[Address Reference Count : 1]<UL><LI> mbed_us_ticker_api.o(.constdata)
</UL>
<P><STRONG><a name="[1e6]"></a>wait</STRONG> (Thumb, 36 bytes, Stack size 16 bytes, mbed/TARGET_NUCLEO_F411RE/TOOLCHAIN_ARM_STD/mbed.ar(mbed_wait_api_no_rtos.o)(i.wait))
<BR><BR>[Stack]<UL><LI>Max Depth = 96<LI>Call Chain = wait &rArr; us_ticker_read &rArr; HAL_InitTick &rArr; __NVIC_SetVector &rArr; __aeabi_memcpy4
</UL>
<BR>[Calls]<UL><LI><a href="#[6a]">&gt;&gt;</a>&nbsp;&nbsp;&nbsp;us_ticker_read
</UL>
<BR>[Called By]<UL><LI><a href="#[126]">&gt;&gt;</a>&nbsp;&nbsp;&nbsp;$Super$$main
</UL>

<P><STRONG><a name="[1e8]"></a>wait_ms</STRONG> (Thumb, 28 bytes, Stack size 16 bytes, mbed/TARGET_NUCLEO_F411RE/TOOLCHAIN_ARM_STD/mbed.ar(mbed_wait_api_no_rtos.o)(i.wait_ms))
<BR><BR>[Stack]<UL><LI>Max Depth = 96<LI>Call Chain = wait_ms &rArr; us_ticker_read &rArr; HAL_InitTick &rArr; __NVIC_SetVector &rArr; __aeabi_memcpy4
</UL>
<BR>[Calls]<UL><LI><a href="#[6a]">&gt;&gt;</a>&nbsp;&nbsp;&nbsp;us_ticker_read
</UL>
<BR>[Called By]<UL><LI><a href="#[1d6]">&gt;&gt;</a>&nbsp;&nbsp;&nbsp;mbed_die
</UL>

<P><STRONG><a name="[1e3]"></a>wait_us</STRONG> (Thumb, 24 bytes, Stack size 16 bytes, mbed/TARGET_NUCLEO_F411RE/TOOLCHAIN_ARM_STD/mbed.ar(mbed_wait_api_no_rtos.o)(i.wait_us))
<BR><BR>[Stack]<UL><LI>Max Depth = 96<LI>Call Chain = wait_us &rArr; us_ticker_read &rArr; HAL_InitTick &rArr; __NVIC_SetVector &rArr; __aeabi_memcpy4
</UL>
<BR>[Calls]<UL><LI><a href="#[6a]">&gt;&gt;</a>&nbsp;&nbsp;&nbsp;us_ticker_read
</UL>
<BR>[Called By]<UL><LI><a href="#[1c1]">&gt;&gt;</a>&nbsp;&nbsp;&nbsp;i2c_write
<LI><a href="#[1c0]">&gt;&gt;</a>&nbsp;&nbsp;&nbsp;i2c_read
</UL>

<P><STRONG><a name="[be]"></a>_get_lc_numeric</STRONG> (Thumb, 44 bytes, Stack size 8 bytes, C:\Keil_v5\ARM\ARMCC\Bin\..\lib\armlib\c_w.l(lc_numeric_c.o)(locale$$code))
<BR><BR>[Stack]<UL><LI>Max Depth = 8<LI>Call Chain = _get_lc_numeric
</UL>
<BR>[Calls]<UL><LI><a href="#[1cd]">&gt;&gt;</a>&nbsp;&nbsp;&nbsp;strcmp
</UL>
<BR>[Called By]<UL><LI><a href="#[bd]">&gt;&gt;</a>&nbsp;&nbsp;&nbsp;__rt_lib_init_lc_numeric_2
</UL>

<P><STRONG><a name="[58]"></a>_get_lc_ctype</STRONG> (Thumb, 44 bytes, Stack size 8 bytes, C:\Keil_v5\ARM\ARMCC\Bin\..\lib\armlib\c_w.l(lc_ctype_c.o)(locale$$code))
<BR><BR>[Stack]<UL><LI>Max Depth = 8<LI>Call Chain = _get_lc_ctype
</UL>
<BR>[Calls]<UL><LI><a href="#[1cd]">&gt;&gt;</a>&nbsp;&nbsp;&nbsp;strcmp
</UL>
<BR>[Called By]<UL><LI><a href="#[bc]">&gt;&gt;</a>&nbsp;&nbsp;&nbsp;__rt_lib_init_lc_ctype_2
</UL>
<BR>[Address Reference Count : 1]<UL><LI> rt_ctype_table.o(.text)
</UL>
<P><STRONG><a name="[1c4]"></a>SingletonPtr&lang;PlatformMutex&rang;::operator -&rang;()</STRONG> (Thumb, 36 bytes, Stack size 8 bytes, mbed/TARGET_NUCLEO_F411RE/TOOLCHAIN_ARM_STD/mbed.ar(FileBase.o)(t._ZN12SingletonPtrI13PlatformMutexEptEv))
<BR><BR>[Stack]<UL><LI>Max Depth = 304 + Unknown Stack Size
<LI>Call Chain = SingletonPtr&lang;PlatformMutex&rang;::operator -&rang;() &rArr; mbed_assert_internal &rArr;  mbed_die (Cycle)
</UL>
<BR>[Calls]<UL><LI><a href="#[1bb]">&gt;&gt;</a>&nbsp;&nbsp;&nbsp;mbed_assert_internal
</UL>
<BR>[Called By]<UL><LI><a href="#[1c3]">&gt;&gt;</a>&nbsp;&nbsp;&nbsp;mbed::FileBase::lookup(const char*, unsigned)
</UL>

<P><STRONG><a name="[8a]"></a>void mbed::Callback&lang;void()&rang;::function_call&lang;void(*)()&rang;(const void*)</STRONG> (Thumb, 4 bytes, Stack size 0 bytes, mbed/TARGET_NUCLEO_F411RE/TOOLCHAIN_ARM_STD/mbed.ar(InterruptIn.o)(t._ZN4mbed8CallbackIFvvEE13function_callIPS1_EEvPKv))
<BR>[Address Reference Count : 1]<UL><LI> InterruptIn.o(.constdata__ZZN4mbed8CallbackIFvvEE8generateIPS1_EEvRKT_E3ops)
</UL>
<P><STRONG><a name="[8c]"></a>void mbed::Callback&lang;void()&rang;::function_dtor&lang;void(*)()&rang;(void*)</STRONG> (Thumb, 2 bytes, Stack size 0 bytes, mbed/TARGET_NUCLEO_F411RE/TOOLCHAIN_ARM_STD/mbed.ar(InterruptIn.o)(t._ZN4mbed8CallbackIFvvEE13function_dtorIPS1_EEvPv))
<BR>[Address Reference Count : 1]<UL><LI> InterruptIn.o(.constdata__ZZN4mbed8CallbackIFvvEE8generateIPS1_EEvRKT_E3ops)
</UL>
<P><STRONG><a name="[8b]"></a>void mbed::Callback&lang;void()&rang;::function_move&lang;void(*)()&rang;(void*, const void*)</STRONG> (Thumb, 10 bytes, Stack size 0 bytes, mbed/TARGET_NUCLEO_F411RE/TOOLCHAIN_ARM_STD/mbed.ar(InterruptIn.o)(t._ZN4mbed8CallbackIFvvEE13function_moveIPS1_EEvPvPKv))
<BR>[Address Reference Count : 1]<UL><LI> InterruptIn.o(.constdata__ZZN4mbed8CallbackIFvvEE8generateIPS1_EEvRKT_E3ops)
</UL>
<P><STRONG><a name="[60]"></a>CThunk&lang;mbed::I2C&rang;::trampoline(mbed::I2C*, void*, void(mbed::I2C::**)(void*))</STRONG> (Thumb, 54 bytes, Stack size 8 bytes, mbed/TARGET_NUCLEO_F411RE/TOOLCHAIN_ARM_STD/mbed.ar(I2C.o)(t._ZN6CThunkIN4mbed3I2CEE10trampolineEPS1_PvPMS1_FvS4_E))
<BR><BR>[Stack]<UL><LI>Max Depth = 8<LI>Call Chain = CThunk&lang;mbed::I2C&rang;::trampoline(mbed::I2C*, void*, void(mbed::I2C::**)(void*))
</UL>
<BR>[Address Reference Count : 1]<UL><LI> I2C.o(i._ZN4mbed3I2CC1E7PinNameS1_)
</UL>
<P><STRONG><a name="[b7]"></a>_fp_init</STRONG> (Thumb, 10 bytes, Stack size 0 bytes, C:\Keil_v5\ARM\ARMCC\Bin\..\lib\armlib\fz_wm.l(fpinit.o)(x$fpl$fpinit))
<BR><BR>[Called By]<UL><LI><a href="#[b6]">&gt;&gt;</a>&nbsp;&nbsp;&nbsp;__rt_lib_init_fp_1
</UL>

<P><STRONG><a name="[22b]"></a>__fplib_config_fpu_vfp</STRONG> (Thumb, 0 bytes, Stack size unknown bytes, C:\Keil_v5\ARM\ARMCC\Bin\..\lib\armlib\fz_wm.l(fpinit.o)(x$fpl$fpinit), UNUSED)

<P><STRONG><a name="[22c]"></a>__fplib_config_pureend_doubles</STRONG> (Thumb, 0 bytes, Stack size unknown bytes, C:\Keil_v5\ARM\ARMCC\Bin\..\lib\armlib\fz_wm.l(fpinit.o)(x$fpl$fpinit), UNUSED)

<P><STRONG><a name="[99]"></a>_printf_fp_dec</STRONG> (Thumb, 4 bytes, Stack size 0 bytes, C:\Keil_v5\ARM\ARMCC\Bin\..\lib\armlib\fz_wm.l(printf1.o)(x$fpl$printf1))
<BR><BR>[Stack]<UL><LI>Max Depth = 324<LI>Call Chain = _printf_fp_dec &rArr; _printf_fp_dec_real &rArr; _fp_digits &rArr; _btod_etento &rArr; _btod_emul &rArr; _e2e
</UL>
<BR>[Calls]<UL><LI><a href="#[10f]">&gt;&gt;</a>&nbsp;&nbsp;&nbsp;_printf_fp_dec_real
</UL>
<BR>[Called By]<UL><LI><a href="#[9b]">&gt;&gt;</a>&nbsp;&nbsp;&nbsp;_printf_g
<LI><a href="#[9a]">&gt;&gt;</a>&nbsp;&nbsp;&nbsp;_printf_e
<LI><a href="#[98]">&gt;&gt;</a>&nbsp;&nbsp;&nbsp;_printf_f
</UL>

<P><STRONG><a name="[9d]"></a>_printf_fp_hex</STRONG> (Thumb, 4 bytes, Stack size 0 bytes, C:\Keil_v5\ARM\ARMCC\Bin\..\lib\armlib\fz_wm.l(printf2.o)(x$fpl$printf2))
<BR><BR>[Stack]<UL><LI>Max Depth = 112<LI>Call Chain = _printf_fp_hex &rArr; _printf_fp_hex_real &rArr; _printf_fp_infnan &rArr; _printf_post_padding
</UL>
<BR>[Calls]<UL><LI><a href="#[112]">&gt;&gt;</a>&nbsp;&nbsp;&nbsp;_printf_fp_hex_real
</UL>
<BR>[Called By]<UL><LI><a href="#[9c]">&gt;&gt;</a>&nbsp;&nbsp;&nbsp;_printf_a
</UL>
<P>
<H3>
Local Symbols
</H3>
<P><STRONG><a name="[8d]"></a>__sti___8_main_cpp_main</STRONG> (Thumb, 70 bytes, Stack size 8 bytes, .\build\main.o(i.__sti___8_main_cpp_main))
<BR><BR>[Stack]<UL><LI>Max Depth = 552 + Unknown Stack Size
<LI>Call Chain = __sti___8_main_cpp_main &rArr; XNucleoIKS01A2::instance(PinName, PinName, PinName, PinName) &rArr; XNucleoIKS01A2::XNucleoIKS01A2(DevI2C*, PinName, PinName) &rArr; LPS22HBSensor::LPS22HBSensor(DevI2C*, unsigned char, PinName) &rArr; mbed::InterruptIn::InterruptIn(PinName) &rArr; gpio_irq_init &rArr; error &rArr; exit &rArr; mbed_die &rArr; gpio_init_out &rArr; gpio_mode &rArr; pin_mode &rArr; mbed_assert_internal &rArr;  mbed_die (Cycle)
</UL>
<BR>[Calls]<UL><LI><a href="#[1af]">&gt;&gt;</a>&nbsp;&nbsp;&nbsp;XNucleoIKS01A2::instance(PinName, PinName, PinName, PinName)
</UL>
<BR>[Address Reference Count : 1]<UL><LI> main.o(.init_array)
</UL>
<P><STRONG><a name="[61]"></a>gpio_irq0</STRONG> (Thumb, 8 bytes, Stack size 0 bytes, mbed/TARGET_NUCLEO_F411RE/TOOLCHAIN_ARM_STD/gpio_irq_api.o(i.gpio_irq0))
<BR><BR>[Stack]<UL><LI>Max Depth = 32<LI>Call Chain = gpio_irq0 &rArr; handle_interrupt_in
</UL>
<BR>[Calls]<UL><LI><a href="#[1dd]">&gt;&gt;</a>&nbsp;&nbsp;&nbsp;handle_interrupt_in
</UL>
<BR>[Address Reference Count : 1]<UL><LI> gpio_irq_api.o(i.gpio_irq_init)
</UL>
<P><STRONG><a name="[62]"></a>gpio_irq1</STRONG> (Thumb, 8 bytes, Stack size 0 bytes, mbed/TARGET_NUCLEO_F411RE/TOOLCHAIN_ARM_STD/gpio_irq_api.o(i.gpio_irq1))
<BR><BR>[Stack]<UL><LI>Max Depth = 32<LI>Call Chain = gpio_irq1 &rArr; handle_interrupt_in
</UL>
<BR>[Calls]<UL><LI><a href="#[1dd]">&gt;&gt;</a>&nbsp;&nbsp;&nbsp;handle_interrupt_in
</UL>
<BR>[Address Reference Count : 1]<UL><LI> gpio_irq_api.o(i.gpio_irq_init)
</UL>
<P><STRONG><a name="[63]"></a>gpio_irq2</STRONG> (Thumb, 8 bytes, Stack size 0 bytes, mbed/TARGET_NUCLEO_F411RE/TOOLCHAIN_ARM_STD/gpio_irq_api.o(i.gpio_irq2))
<BR><BR>[Stack]<UL><LI>Max Depth = 32<LI>Call Chain = gpio_irq2 &rArr; handle_interrupt_in
</UL>
<BR>[Calls]<UL><LI><a href="#[1dd]">&gt;&gt;</a>&nbsp;&nbsp;&nbsp;handle_interrupt_in
</UL>
<BR>[Address Reference Count : 1]<UL><LI> gpio_irq_api.o(i.gpio_irq_init)
</UL>
<P><STRONG><a name="[64]"></a>gpio_irq3</STRONG> (Thumb, 8 bytes, Stack size 0 bytes, mbed/TARGET_NUCLEO_F411RE/TOOLCHAIN_ARM_STD/gpio_irq_api.o(i.gpio_irq3))
<BR><BR>[Stack]<UL><LI>Max Depth = 32<LI>Call Chain = gpio_irq3 &rArr; handle_interrupt_in
</UL>
<BR>[Calls]<UL><LI><a href="#[1dd]">&gt;&gt;</a>&nbsp;&nbsp;&nbsp;handle_interrupt_in
</UL>
<BR>[Address Reference Count : 1]<UL><LI> gpio_irq_api.o(i.gpio_irq_init)
</UL>
<P><STRONG><a name="[65]"></a>gpio_irq4</STRONG> (Thumb, 8 bytes, Stack size 0 bytes, mbed/TARGET_NUCLEO_F411RE/TOOLCHAIN_ARM_STD/gpio_irq_api.o(i.gpio_irq4))
<BR><BR>[Stack]<UL><LI>Max Depth = 32<LI>Call Chain = gpio_irq4 &rArr; handle_interrupt_in
</UL>
<BR>[Calls]<UL><LI><a href="#[1dd]">&gt;&gt;</a>&nbsp;&nbsp;&nbsp;handle_interrupt_in
</UL>
<BR>[Address Reference Count : 1]<UL><LI> gpio_irq_api.o(i.gpio_irq_init)
</UL>
<P><STRONG><a name="[66]"></a>gpio_irq5</STRONG> (Thumb, 8 bytes, Stack size 0 bytes, mbed/TARGET_NUCLEO_F411RE/TOOLCHAIN_ARM_STD/gpio_irq_api.o(i.gpio_irq5))
<BR><BR>[Stack]<UL><LI>Max Depth = 32<LI>Call Chain = gpio_irq5 &rArr; handle_interrupt_in
</UL>
<BR>[Calls]<UL><LI><a href="#[1dd]">&gt;&gt;</a>&nbsp;&nbsp;&nbsp;handle_interrupt_in
</UL>
<BR>[Address Reference Count : 1]<UL><LI> gpio_irq_api.o(i.gpio_irq_init)
</UL>
<P><STRONG><a name="[67]"></a>gpio_irq6</STRONG> (Thumb, 8 bytes, Stack size 0 bytes, mbed/TARGET_NUCLEO_F411RE/TOOLCHAIN_ARM_STD/gpio_irq_api.o(i.gpio_irq6))
<BR><BR>[Stack]<UL><LI>Max Depth = 32<LI>Call Chain = gpio_irq6 &rArr; handle_interrupt_in
</UL>
<BR>[Calls]<UL><LI><a href="#[1dd]">&gt;&gt;</a>&nbsp;&nbsp;&nbsp;handle_interrupt_in
</UL>
<BR>[Address Reference Count : 1]<UL><LI> gpio_irq_api.o(i.gpio_irq_init)
</UL>
<P><STRONG><a name="[1dd]"></a>handle_interrupt_in</STRONG> (Thumb, 114 bytes, Stack size 32 bytes, mbed/TARGET_NUCLEO_F411RE/TOOLCHAIN_ARM_STD/gpio_irq_api.o(i.handle_interrupt_in))
<BR><BR>[Stack]<UL><LI>Max Depth = 32<LI>Call Chain = handle_interrupt_in
</UL>
<BR>[Called By]<UL><LI><a href="#[67]">&gt;&gt;</a>&nbsp;&nbsp;&nbsp;gpio_irq6
<LI><a href="#[66]">&gt;&gt;</a>&nbsp;&nbsp;&nbsp;gpio_irq5
<LI><a href="#[65]">&gt;&gt;</a>&nbsp;&nbsp;&nbsp;gpio_irq4
<LI><a href="#[64]">&gt;&gt;</a>&nbsp;&nbsp;&nbsp;gpio_irq3
<LI><a href="#[63]">&gt;&gt;</a>&nbsp;&nbsp;&nbsp;gpio_irq2
<LI><a href="#[62]">&gt;&gt;</a>&nbsp;&nbsp;&nbsp;gpio_irq1
<LI><a href="#[61]">&gt;&gt;</a>&nbsp;&nbsp;&nbsp;gpio_irq0
</UL>

<P><STRONG><a name="[5a]"></a>i2c1_irq</STRONG> (Thumb, 22 bytes, Stack size 8 bytes, mbed/TARGET_NUCLEO_F411RE/TOOLCHAIN_ARM_STD/i2c_api.o(i.i2c1_irq))
<BR><BR>[Stack]<UL><LI>Max Depth = 488 + Unknown Stack Size
<LI>Call Chain = i2c1_irq &rArr; HAL_I2C_ER_IRQHandler &rArr; HAL_I2C_ErrorCallback &rArr; i2c_init &rArr; pinmap_merge &rArr; error &rArr; exit &rArr; mbed_die &rArr; gpio_init_out &rArr; gpio_mode &rArr; pin_mode &rArr; mbed_assert_internal &rArr;  mbed_die (Cycle)
</UL>
<BR>[Calls]<UL><LI><a href="#[12e]">&gt;&gt;</a>&nbsp;&nbsp;&nbsp;HAL_I2C_EV_IRQHandler
<LI><a href="#[129]">&gt;&gt;</a>&nbsp;&nbsp;&nbsp;HAL_I2C_ER_IRQHandler
</UL>
<BR>[Address Reference Count : 3]<UL><LI> i2c_api.o(i.HAL_I2C_ErrorCallback)
<LI> i2c_api.o(i.i2c_read)
<LI> i2c_api.o(i.i2c_write)
</UL>
<P><STRONG><a name="[5b]"></a>i2c2_irq</STRONG> (Thumb, 22 bytes, Stack size 8 bytes, mbed/TARGET_NUCLEO_F411RE/TOOLCHAIN_ARM_STD/i2c_api.o(i.i2c2_irq))
<BR><BR>[Stack]<UL><LI>Max Depth = 488 + Unknown Stack Size
<LI>Call Chain = i2c2_irq &rArr; HAL_I2C_ER_IRQHandler &rArr; HAL_I2C_ErrorCallback &rArr; i2c_init &rArr; pinmap_merge &rArr; error &rArr; exit &rArr; mbed_die &rArr; gpio_init_out &rArr; gpio_mode &rArr; pin_mode &rArr; mbed_assert_internal &rArr;  mbed_die (Cycle)
</UL>
<BR>[Calls]<UL><LI><a href="#[12e]">&gt;&gt;</a>&nbsp;&nbsp;&nbsp;HAL_I2C_EV_IRQHandler
<LI><a href="#[129]">&gt;&gt;</a>&nbsp;&nbsp;&nbsp;HAL_I2C_ER_IRQHandler
</UL>
<BR>[Address Reference Count : 3]<UL><LI> i2c_api.o(i.HAL_I2C_ErrorCallback)
<LI> i2c_api.o(i.i2c_read)
<LI> i2c_api.o(i.i2c_write)
</UL>
<P><STRONG><a name="[5c]"></a>i2c3_irq</STRONG> (Thumb, 22 bytes, Stack size 8 bytes, mbed/TARGET_NUCLEO_F411RE/TOOLCHAIN_ARM_STD/i2c_api.o(i.i2c3_irq))
<BR><BR>[Stack]<UL><LI>Max Depth = 488 + Unknown Stack Size
<LI>Call Chain = i2c3_irq &rArr; HAL_I2C_ER_IRQHandler &rArr; HAL_I2C_ErrorCallback &rArr; i2c_init &rArr; pinmap_merge &rArr; error &rArr; exit &rArr; mbed_die &rArr; gpio_init_out &rArr; gpio_mode &rArr; pin_mode &rArr; mbed_assert_internal &rArr;  mbed_die (Cycle)
</UL>
<BR>[Calls]<UL><LI><a href="#[12e]">&gt;&gt;</a>&nbsp;&nbsp;&nbsp;HAL_I2C_EV_IRQHandler
<LI><a href="#[129]">&gt;&gt;</a>&nbsp;&nbsp;&nbsp;HAL_I2C_ER_IRQHandler
</UL>
<BR>[Address Reference Count : 3]<UL><LI> i2c_api.o(i.HAL_I2C_ErrorCallback)
<LI> i2c_api.o(i.i2c_read)
<LI> i2c_api.o(i.i2c_write)
</UL>
<P><STRONG><a name="[1e5]"></a>init_uart</STRONG> (Thumb, 100 bytes, Stack size 8 bytes, mbed/TARGET_NUCLEO_F411RE/TOOLCHAIN_ARM_STD/serial_api.o(i.init_uart))
<BR><BR>[Stack]<UL><LI>Max Depth = 48 + In Cycle
<LI>Call Chain = init_uart &rArr;  error (Cycle)
</UL>
<BR>[Calls]<UL><LI><a href="#[14b]">&gt;&gt;</a>&nbsp;&nbsp;&nbsp;HAL_UART_Init
<LI><a href="#[19e]">&gt;&gt;</a>&nbsp;&nbsp;&nbsp;error
</UL>
<BR>[Called By]<UL><LI><a href="#[1cf]">&gt;&gt;</a>&nbsp;&nbsp;&nbsp;serial_baud
<LI><a href="#[1ce]">&gt;&gt;</a>&nbsp;&nbsp;&nbsp;serial_init
</UL>

<P><STRONG><a name="[59]"></a>I2C_DMAAbort</STRONG> (Thumb, 56 bytes, Stack size 8 bytes, mbed/TARGET_NUCLEO_F411RE/TOOLCHAIN_ARM_STD/stm32f4xx_hal_i2c.o(i.I2C_DMAAbort))
<BR><BR>[Stack]<UL><LI>Max Depth = 456 + Unknown Stack Size
<LI>Call Chain = I2C_DMAAbort &rArr; HAL_I2C_ErrorCallback &rArr; i2c_init &rArr; pinmap_merge &rArr; error &rArr; exit &rArr; mbed_die &rArr; gpio_init_out &rArr; gpio_mode &rArr; pin_mode &rArr; mbed_assert_internal &rArr;  mbed_die (Cycle)
</UL>
<BR>[Calls]<UL><LI><a href="#[12d]">&gt;&gt;</a>&nbsp;&nbsp;&nbsp;HAL_I2C_ErrorCallback
<LI><a href="#[127]">&gt;&gt;</a>&nbsp;&nbsp;&nbsp;HAL_I2C_AbortCpltCallback
</UL>
<BR>[Address Reference Count : 1]<UL><LI> stm32f4xx_hal_i2c.o(i.HAL_I2C_ER_IRQHandler)
</UL>
<P><STRONG><a name="[13d]"></a>I2C_WaitOnFlagUntilTimeout</STRONG> (Thumb, 154 bytes, Stack size 32 bytes, mbed/TARGET_NUCLEO_F411RE/TOOLCHAIN_ARM_STD/stm32f4xx_hal_i2c.o(i.I2C_WaitOnFlagUntilTimeout))
<BR><BR>[Stack]<UL><LI>Max Depth = 32<LI>Call Chain = I2C_WaitOnFlagUntilTimeout
</UL>
<BR>[Calls]<UL><LI><a href="#[13c]">&gt;&gt;</a>&nbsp;&nbsp;&nbsp;HAL_GetTick
</UL>
<BR>[Called By]<UL><LI><a href="#[13b]">&gt;&gt;</a>&nbsp;&nbsp;&nbsp;HAL_I2C_IsDeviceReady
</UL>

<P><STRONG><a name="[14d]"></a>UART_SetConfig</STRONG> (Thumb, 822 bytes, Stack size 24 bytes, mbed/TARGET_NUCLEO_F411RE/TOOLCHAIN_ARM_STD/stm32f4xx_hal_uart.o(i.UART_SetConfig))
<BR><BR>[Stack]<UL><LI>Max Depth = 24<LI>Call Chain = UART_SetConfig
</UL>
<BR>[Calls]<UL><LI><a href="#[19f]">&gt;&gt;</a>&nbsp;&nbsp;&nbsp;HAL_RCC_GetPCLK2Freq
<LI><a href="#[13a]">&gt;&gt;</a>&nbsp;&nbsp;&nbsp;HAL_RCC_GetPCLK1Freq
</UL>
<BR>[Called By]<UL><LI><a href="#[14b]">&gt;&gt;</a>&nbsp;&nbsp;&nbsp;HAL_UART_Init
</UL>

<P><STRONG><a name="[5e]"></a>mbed::donothing()</STRONG> (Thumb, 2 bytes, Stack size 0 bytes, mbed/TARGET_NUCLEO_F411RE/TOOLCHAIN_ARM_STD/mbed.ar(InterruptIn.o)(i._ZN4mbed9donothingEv))
<BR>[Address Reference Count : 1]<UL><LI> InterruptIn.o(i._ZN4mbed11InterruptInC1E7PinName)
</UL>
<P><STRONG><a name="[54]"></a>_printf_input_char</STRONG> (Thumb, 10 bytes, Stack size 0 bytes, C:\Keil_v5\ARM\ARMCC\Bin\..\lib\armlib\c_w.l(_printf_char_common.o)(.text))
<BR>[Address Reference Count : 1]<UL><LI> _printf_char_common.o(.text)
</UL>
<P><STRONG><a name="[56]"></a>_scanf_char_input</STRONG> (Thumb, 12 bytes, Stack size 0 bytes, C:\Keil_v5\ARM\ARMCC\Bin\..\lib\armlib\c_w.l(scanf_char.o)(.text))
<BR>[Address Reference Count : 1]<UL><LI> scanf_char.o(.text)
</UL>
<P><STRONG><a name="[10a]"></a>_fp_digits</STRONG> (Thumb, 432 bytes, Stack size 96 bytes, C:\Keil_v5\ARM\ARMCC\Bin\..\lib\armlib\c_w.l(_printf_fp_dec.o)(.text))
<BR><BR>[Stack]<UL><LI>Max Depth = 220<LI>Call Chain = _fp_digits &rArr; _btod_etento &rArr; _btod_emul &rArr; _e2e
</UL>
<BR>[Calls]<UL><LI><a href="#[f6]">&gt;&gt;</a>&nbsp;&nbsp;&nbsp;_ll_udiv10
<LI><a href="#[10e]">&gt;&gt;</a>&nbsp;&nbsp;&nbsp;_btod_emul
<LI><a href="#[10d]">&gt;&gt;</a>&nbsp;&nbsp;&nbsp;_btod_ediv
<LI><a href="#[10c]">&gt;&gt;</a>&nbsp;&nbsp;&nbsp;_btod_d2e
<LI><a href="#[10b]">&gt;&gt;</a>&nbsp;&nbsp;&nbsp;_btod_etento
</UL>
<BR>[Called By]<UL><LI><a href="#[10f]">&gt;&gt;</a>&nbsp;&nbsp;&nbsp;_printf_fp_dec_real
</UL>
<P>
<H3>
Undefined Global Symbols
</H3><HR></body></html>
