<html>
<body>
<pre>
<h1>µVision Build Log</h1>
<h2>Tool Versions:</h2>
IDE-Version: µVision V5.36.0.0
Copyright (C) 2021 ARM Ltd and ARM Germany GmbH. All rights reserved.
License Information: TI Labor HAW Hamburg Flex license: MDK Professional 5.36 (Flex): 50 user(s) (mdk_pro) Operation stops: 30 Nov 2022
 
Tool Versions:
Toolchain:       MDK Professional 5.36 (Flex): 50 user(s)  Version: 5.36.0.0
Toolchain Path:  C:\Keil_v5\ARM\ARMCC\Bin
C Compiler:      Armcc.exe V5.06 update 7 (build 960)
Assembler:       Armasm.exe V5.06 update 7 (build 960)
Linker/Locator:  ArmLink.exe V5.06 update 7 (build 960)
Library Manager: ArmAr.exe V5.06 update 7 (build 960)
Hex Converter:   FromElf.exe V5.06 update 7 (build 960)
CPU DLL:         
Dialog DLL:      DCM.DLL V1.17.3.0
Target DLL:      STLink\ST-LINKIII-KEIL_SWO.dll V3.0.9.0
Dialog DLL:      TCM.DLL V1.53.0.0
 
<h2>Project:</h2>
Z:\HAWCloud\helloworld_iks01a2\HelloWorld_IKS01A2.uvprojx
Project File Date:  12/09/2021

<h2>Output:</h2>
*** Using Compiler 'V5.06 update 7 (build 960)', folder: 'C:\Keil_v5\ARM\ARMCC\Bin'
Rebuild target 'HelloWorld_IKS01A2'
compiling HTS221_driver.c...
compiling LPS22HB_driver.c...
compiling LSM303AGR_mag_driver.c...
compiling LSM303AGR_acc_driver.c...
compiling LSM6DSL_acc_gyro_driver.c...
compiling LSM303AGRMagSensor.cpp...
compiling LPS22HBSensor.cpp...
compiling LSM303AGRAccSensor.cpp...
compiling HTS221Sensor.cpp...
compiling LSM6DSLSensor.cpp...
compiling XNucleoIKS01A2.cpp...
compiling main.cpp...
main.cpp(54): warning:  #177-D: function "print_double"  was declared but never referenced
  static char *print_double(char* str, double v, int decimalDigits=2)
main.cpp: 1 warning, 0 errors
linking...
.\BUILD\HelloWorld_IKS01A2.axf: Warning: L6320W: Ignoring --keep command. Cannot find argument 'os_cb_sections'.
Program Size: Code=37372 RO-data=2892 RW-data=184 ZI-data=1576  
Finished: 0 information, 1 warning and 0 error messages.
After Build - User command #1: C:\Keil_v5\\ARM\ARMCC\bin\fromelf.exe --bin --output=HelloWorld_IKS01A2.bin .\BUILD\HelloWorld_IKS01A2.axf
".\BUILD\HelloWorld_IKS01A2.axf" - 0 Error(s), 2 Warning(s).

<h2>Software Packages used:</h2>

Package Vendor: Keil
                http://www.keil.com/pack/Keil.STM32F4xx_DFP.2.15.0.pack
                Keil.STM32F4xx_DFP.2.15.0
                STMicroelectronics STM32F4 Series Device Support, Drivers and Examples

<h2>Collection of Component include folders:</h2>
  C:\Keil_v5\ARM\PACK\Keil\STM32F4xx_DFP\2.15.0\Drivers\CMSIS\Device\ST\STM32F4xx\Include

<h2>Collection of Component Files used:</h2>
Build Time Elapsed:  00:00:08
</pre>
</body>
</html>
